Component: ARM Compiler 5.06 update 7 (build 960) Tool: armlink [4d3601]

==============================================================================

Section Cross References

    startup_stm32f429xx.o(STACK) refers (Special) to heapauxi.o(.text) for __use_two_region_memory
    startup_stm32f429xx.o(HEAP) refers (Special) to heapauxi.o(.text) for __use_two_region_memory
    startup_stm32f429xx.o(RESET) refers (Special) to heapauxi.o(.text) for __use_two_region_memory
    startup_stm32f429xx.o(RESET) refers to startup_stm32f429xx.o(STACK) for __initial_sp
    startup_stm32f429xx.o(RESET) refers to startup_stm32f429xx.o(.text) for Reset_Handler
    startup_stm32f429xx.o(RESET) refers to stm32f4xx_it.o(i.NMI_Handler) for NMI_Handler
    startup_stm32f429xx.o(RESET) refers to stm32f4xx_it.o(i.HardFault_Handler) for HardFault_Handler
    startup_stm32f429xx.o(RESET) refers to stm32f4xx_it.o(i.MemManage_Handler) for MemManage_Handler
    startup_stm32f429xx.o(RESET) refers to stm32f4xx_it.o(i.BusFault_Handler) for BusFault_Handler
    startup_stm32f429xx.o(RESET) refers to stm32f4xx_it.o(i.UsageFault_Handler) for UsageFault_Handler
    startup_stm32f429xx.o(RESET) refers to port.o(.emb_text) for SVC_Handler
    startup_stm32f429xx.o(RESET) refers to stm32f4xx_it.o(i.DebugMon_Handler) for DebugMon_Handler
    startup_stm32f429xx.o(RESET) refers to delay.o(i.SysTick_Handler) for SysTick_Handler
    startup_stm32f429xx.o(RESET) refers to usart.o(i.USART1_IRQHandler) for USART1_IRQHandler
    startup_stm32f429xx.o(RESET) refers to btim.o(i.TIM6_DAC_IRQHandler) for TIM6_DAC_IRQHandler
    startup_stm32f429xx.o(RESET) refers to btim.o(i.TIM7_IRQHandler) for TIM7_IRQHandler
    startup_stm32f429xx.o(.text) refers (Special) to heapauxi.o(.text) for __use_two_region_memory
    startup_stm32f429xx.o(.text) refers to system_stm32f4xx.o(i.SystemInit) for SystemInit
    startup_stm32f429xx.o(.text) refers to __main.o(!!!main) for __main
    startup_stm32f429xx.o(.text) refers to startup_stm32f429xx.o(HEAP) for Heap_Mem
    startup_stm32f429xx.o(.text) refers to startup_stm32f429xx.o(STACK) for Stack_Mem
    main.o(i.main) refers to stm32f4xx_hal.o(i.HAL_Init) for HAL_Init
    main.o(i.main) refers to sys.o(i.sys_stm32_clock_init) for sys_stm32_clock_init
    main.o(i.main) refers to delay.o(i.delay_init) for delay_init
    main.o(i.main) refers to usart.o(i.usart_init) for usart_init
    main.o(i.main) refers to led.o(i.led_init) for led_init
    main.o(i.main) refers to key.o(i.key_init) for key_init
    main.o(i.main) refers to sdram.o(i.sdram_init) for sdram_init
    main.o(i.main) refers to lcd.o(i.lcd_init) for lcd_init
    main.o(i.main) refers to malloc.o(i.my_mem_init) for my_mem_init
    main.o(i.main) refers to freertos_demo.o(i.freertos_demo) for freertos_demo
    system_stm32f4xx.o(i.SystemCoreClockUpdate) refers to system_stm32f4xx.o(.data) for SystemCoreClock
    system_stm32f4xx.o(i.SystemCoreClockUpdate) refers to system_stm32f4xx.o(.constdata) for AHBPrescTable
    freertos_demo.o(i.freertos_demo) refers to tasks.o(i.xTaskCreate) for xTaskCreate
    freertos_demo.o(i.freertos_demo) refers to tasks.o(i.vTaskStartScheduler) for vTaskStartScheduler
    freertos_demo.o(i.freertos_demo) refers to freertos_demo.o(.data) for start_task_handler
    freertos_demo.o(i.freertos_demo) refers to freertos_demo.o(i.start_task) for start_task
    freertos_demo.o(i.start_task) refers to port.o(i.vPortEnterCritical) for vPortEnterCritical
    freertos_demo.o(i.start_task) refers to tasks.o(i.xTaskCreate) for xTaskCreate
    freertos_demo.o(i.start_task) refers to tasks.o(i.vTaskDelete) for vTaskDelete
    freertos_demo.o(i.start_task) refers to port.o(i.vPortExitCritical) for vPortExitCritical
    freertos_demo.o(i.start_task) refers to freertos_demo.o(.data) for task1_handler
    freertos_demo.o(i.start_task) refers to freertos_demo.o(i.task1) for task1
    freertos_demo.o(i.start_task) refers to freertos_demo.o(i.task2) for task2
    freertos_demo.o(i.task1) refers to stm32f4xx_hal_gpio.o(i.HAL_GPIO_TogglePin) for HAL_GPIO_TogglePin
    freertos_demo.o(i.task1) refers to delay.o(i.delay_ms) for delay_ms
    freertos_demo.o(i.task1) refers to tasks.o(i.vTaskDelay) for vTaskDelay
    freertos_demo.o(i.task2) refers to tasks.o(i.xTaskGetTickCount) for xTaskGetTickCount
    freertos_demo.o(i.task2) refers to stm32f4xx_hal_gpio.o(i.HAL_GPIO_TogglePin) for HAL_GPIO_TogglePin
    freertos_demo.o(i.task2) refers to delay.o(i.delay_ms) for delay_ms
    freertos_demo.o(i.task2) refers to tasks.o(i.xTaskDelayUntil) for xTaskDelayUntil
    sys.o(i.sys_stm32_clock_init) refers to rt_memclr_w.o(.text) for __aeabi_memclr4
    sys.o(i.sys_stm32_clock_init) refers to stm32f4xx_hal_rcc.o(i.HAL_RCC_OscConfig) for HAL_RCC_OscConfig
    sys.o(i.sys_stm32_clock_init) refers to stm32f4xx_hal_pwr_ex.o(i.HAL_PWREx_EnableOverDrive) for HAL_PWREx_EnableOverDrive
[...]
    .bss                                     0x2000024c   Section      264  ltdc.o(.bss)
    .bss                                     0x20000354   Section       52  sdram.o(.bss)
    .bss                                     0x20000388   Section      144  btim.o(.bss)
    .bss                                     0x20000420   Section    174080  malloc.o(.bss)
    mem1base                                 0x20000420   Data       163840  malloc.o(.bss)
    mem1mapbase                              0x20028420   Data       10240  malloc.o(.bss)
    .bss                                     0x2002ac20   Section       64  queue.o(.bss)
    .bss                                     0x2002ac60   Section      740  tasks.o(.bss)
    pxReadyTasksLists                        0x2002ac60   Data         640  tasks.o(.bss)
    xDelayedTaskList1                        0x2002aee0   Data          20  tasks.o(.bss)
    xDelayedTaskList2                        0x2002aef4   Data          20  tasks.o(.bss)
    xPendingReadyList                        0x2002af08   Data          20  tasks.o(.bss)
    xTasksWaitingTermination                 0x2002af1c   Data          20  tasks.o(.bss)
    xSuspendedTaskList                       0x2002af30   Data          20  tasks.o(.bss)
    .bss                                     0x2002af44   Section       40  timers.o(.bss)
    xActiveTimerList1                        0x2002af44   Data          20  timers.o(.bss)
    xActiveTimerList2                        0x2002af58   Data          20  timers.o(.bss)
    .bss                                     0x2002af6c   Section    10240  heap_4.o(.bss)
    ucHeap                                   0x2002af6c   Data       10240  heap_4.o(.bss)
    .bss                                     0x2002d76c   Section       96  libspace.o(.bss)
    HEAP                                     0x2002d7d0   Section      512  startup_stm32f429xx.o(HEAP)
    Heap_Mem                                 0x2002d7d0   Data         512  startup_stm32f429xx.o(HEAP)
    STACK                                    0x2002d9d0   Section     2048  startup_stm32f429xx.o(STACK)
    Stack_Mem                                0x2002d9d0   Data        2048  startup_stm32f429xx.o(STACK)
    __initial_sp                             0x2002e1d0   Data           0  startup_stm32f429xx.o(STACK)
    .ARM.__AT_0xC0000000                     0xc0000000   Section    2048000  ltdc.o(.ARM.__AT_0xC0000000)
    .ARM.__AT_0xC01F4000                     0xc01f4000   Section    29605888  malloc.o(.ARM.__AT_0xC01F4000)
    mem3base                                 0xc01f4000   Data       29605888  malloc.o(.ARM.__AT_0xC01F4000)
    .ARM.__AT_0xC1E30000                     0xc1e30000   Section    1850368  malloc.o(.ARM.__AT_0xC1E30000)
    mem3mapbase                              0xc1e30000   Data       1850368  malloc.o(.ARM.__AT_0xC1E30000)

    Global Symbols

    Symbol Name                              Value     Ov Type        Size  Object(Section)

    BuildAttributes$$THM_ISAv4$E$P$D$K$B$S$7EM$VFPi3$EXTD16$VFPS$VFMA$PE$A:L22UL41UL21$X:L11$S22US41US21$IEEE1$IW$USESV6$~STKCKD$USESV7$~SHL$OSPACE$ROPI$EBA8$UX$STANDARDLIB$REQ8$PRES8$EABIv2 0x00000000   Number         0  anon$$obj.o ABSOLUTE
    __ARM_use_no_argv                        0x00000000   Number         0  main.o ABSOLUTE
    __ARM_exceptions_init                     - Undefined Weak Reference
    __alloca_initialize                       - Undefined Weak Reference
    __arm_fini_                               - Undefined Weak Reference
    __arm_preinit_                            - Undefined Weak Reference
    __cpp_initialize__aeabi_                  - Undefined Weak Reference
    __cxa_finalize                            - Undefined Weak Reference
    __rt_locale                               - Undefined Weak Reference
    __sigvec_lookup                           - Undefined Weak Reference
    _atexit_init                              - Undefined Weak Reference
    _call_atexit_fns                          - Undefined Weak Reference
    _clock_init                               - Undefined Weak Reference
    _fp_trap_init                             - Undefined Weak Reference
    _fp_trap_shutdown                         - Undefined Weak Reference
    _get_lc_collate                           - Undefined Weak Reference
    _get_lc_ctype                             - Undefined Weak Reference
    _get_lc_monetary                          - Undefined Weak Reference
    _get_lc_numeric                           - Undefined Weak Reference
    _get_lc_time                              - Undefined Weak Reference
    _getenv_init                              - Undefined Weak Reference
    _handle_redirection                       - Undefined Weak Reference
    _init_alloc                               - Undefined Weak Reference
    _init_user_alloc                          - Undefined Weak Reference
    _initio                                   - Undefined Weak Reference
    _mutex_acquire                            - Undefined Weak Reference
    _mutex_release                            - Undefined Weak Reference
    _printf_mbtowc                            - Undefined Weak Reference
    _printf_post_padding                      - Undefined Weak Reference
    _printf_pre_padding                       - Undefined Weak Reference
    _printf_truncate_signed                   - Undefined Weak Reference
    _printf_truncate_unsigned                 - Undefined Weak Reference
    _rand_init                                - Undefined Weak Reference
    _signal_finish                            - Undefined Weak Reference
    _signal_init                              - Undefined Weak Reference
    _terminate_alloc                          - Undefined Weak Reference
    _terminate_user_alloc                     - Undefined Weak Reference
    _terminateio                              - Undefined Weak Reference
    __Vectors_Size                           0x000001ac   Number         0  startup_stm32f429xx.o ABSOLUTE
    __Vectors                                0x08000000   Data           4  startup_stm32f429xx.o(RESET)
    __Vectors_End                            0x080001ac   Data           0  startup_stm32f429xx.o(RESET)
    __main                                   0x080001ad   Thumb Code     8  __main.o(!!!main)
    __scatterload                            0x080001b5   Thumb Code     0  __scatter.o(!!!scatter)
    __scatterload_rt2                        0x080001b5   Thumb Code    44  __scatter.o(!!!scatter)
    __scatterload_rt2_thumb_only             0x080001b5   Thumb Code     0  __scatter.o(!!!scatter)
    __scatterload_null                       0x080001c3   Thumb Code     0  __scatter.o(!!!scatter)
    __scatterload_copy                       0x080001e9   Thumb Code    26  __scatter_copy.o(!!handler_copy)
    __scatterload_zeroinit                   0x08000205   Thumb Code    28  __scatter_zi.o(!!handler_zi)
    _printf_d                                0x08000221   Thumb Code     0  _printf_d.o(.ARM.Collect$$_printf_percent$$00000009)
    _printf_percent                          0x08000221   Thumb Code     0  _printf_percent.o(.ARM.Collect$$_printf_percent$$00000000)
    _printf_s                                0x08000227   Thumb Code     0  _printf_s.o(.ARM.Collect$$_printf_percent$$00000014)
    _printf_percent_end                      0x0800022d   Thumb Code     0  _printf_percent_end.o(.ARM.Collect$$_printf_percent$$00000017)
    __rt_lib_init                            0x08000231   Thumb Code     0  libinit.o(.ARM.Collect$$libinit$$00000000)
    __rt_lib_init_fp_1                       0x08000233   Thumb Code     0  libinit2.o(.ARM.Collect$$libinit$$00000001)
    __rt_lib_init_alloca_1                   0x08000237   Thumb Code     0  libinit2.o(.ARM.Collect$$libinit$$0000002E)
    __rt_lib_init_argv_1                     0x08000237   Thumb Code     0  libinit2.o(.ARM.Collect$$libinit$$0000002C)
    __rt_lib_init_atexit_1                   0x08000237   Thumb Code     0  libinit2.o(.ARM.Collect$$libinit$$0000001B)
    __rt_lib_init_clock_1                    0x08000237   Thumb Code     0  libinit2.o(.ARM.Collect$$libinit$$00000021)
    __rt_lib_init_cpp_1                      0x08000237   Thumb Code     0  libinit2.o(.ARM.Collect$$libinit$$00000032)
    __rt_lib_init_exceptions_1               0x08000237   Thumb Code     0  libinit2.o(.ARM.Collect$$libinit$$00000030)
    __rt_lib_init_fp_trap_1                  0x08000237   Thumb Code     0  libinit2.o(.ARM.Collect$$libinit$$0000001F)
    __rt_lib_init_getenv_1                   0x08000237   Thumb Code     0  libinit2.o(.ARM.Collect$$libinit$$00000023)
    __rt_lib_init_heap_1                     0x08000237   Thumb Code     0  libinit2.o(.ARM.Collect$$libinit$$0000000A)
    __rt_lib_init_lc_collate_1               0x08000237   Thumb Code     0  libinit2.o(.ARM.Collect$$libinit$$00000011)
    __rt_lib_init_lc_ctype_1                 0x08000237   Thumb Code     0  libinit2.o(.ARM.Collect$$libinit$$00000013)
    __rt_lib_init_lc_monetary_1              0x08000237   Thumb Code     0  libinit2.o(.ARM.Collect$$libinit$$00000015)
    __rt_lib_init_lc_numeric_1               0x08000237   Thumb Code     0  libinit2.o(.ARM.Collect$$libinit$$00000017)
    __rt_lib_init_lc_time_1                  0x08000237   Thumb Code     0  libinit2.o(.ARM.Collect$$libinit$$00000019)
    __rt_lib_init_preinit_1                  0x08000237   Thumb Code     0  libinit2.o(.ARM.Collect$$libinit$$00000004)
    __rt_lib_init_rand_1                     0x08000237   Thumb Code     0  libinit2.o(.ARM.Collect$$libinit$$0000000E)
    __rt_lib_init_return                     0x08000237   Thumb Code     0  libinit2.o(.ARM.Collect$$libinit$$00000033)
    __rt_lib_init_signal_1                   0x08000237   Thumb Code     0  libinit2.o(.ARM.Collect$$libinit$$0000001D)
    __rt_lib_init_stdio_1                    0x08000237   Thumb Code     0  libinit2.o(.ARM.Collect$$libinit$$00000025)
    __rt_lib_init_user_alloc_1               0x08000237   Thumb Code     0  libinit2.o(.ARM.Collect$$libinit$$0000000C)
    __rt_lib_shutdown                        0x08000239   Thumb Code     0  libshutdown.o(.ARM.Collect$$libshutdown$$00000000)
    __rt_lib_shutdown_cpp_1                  0x0800023b   Thumb Code     0  libshutdown2.o(.ARM.Collect$$libshutdown$$00000004)
    __rt_lib_shutdown_fini_1                 0x0800023b   Thumb Code     0  libshutdown2.o(.ARM.Collect$$libshutdown$$00000002)
    __rt_lib_shutdown_fp_trap_1              0x0800023b   Thumb Code     0  libshutdown2.o(.ARM.Collect$$libshutdown$$00000009)
    __rt_lib_shutdown_heap_1                 0x0800023b   Thumb Code     0  libshutdown2.o(.ARM.Collect$$libshutdown$$00000011)
    __rt_lib_shutdown_return                 0x0800023b   Thumb Code     0  libshutdown2.o(.ARM.Collect$$libshutdown$$00000012)
    __rt_lib_shutdown_signal_1               0x0800023b   Thumb Code     0  libshutdown2.o(.ARM.Collect$$libshutdown$$0000000C)
    __rt_lib_shutdown_stdio_1                0x0800023b   Thumb Code     0  libshutdown2.o(.ARM.Collect$$libshutdown$$00000006)
    __rt_lib_shutdown_user_alloc_1           0x0800023b   Thumb Code     0  libshutdown2.o(.ARM.Collect$$libshutdown$$0000000E)
    __rt_entry                               0x0800023d   Thumb Code     0  __rtentry.o(.ARM.Collect$$rtentry$$00000000)
    __rt_entry_presh_1                       0x0800023d   Thumb Code     0  __rtentry2.o(.ARM.Collect$$rtentry$$00000002)
    __rt_entry_sh                            0x0800023d   Thumb Code     0  __rtentry4.o(.ARM.Collect$$rtentry$$00000004)
    __rt_entry_li                            0x08000243   Thumb Code     0  __rtentry2.o(.ARM.Collect$$rtentry$$0000000A)
    __rt_entry_postsh_1                      0x08000243   Thumb Code     0  __rtentry2.o(.ARM.Collect$$rtentry$$00000009)
    __rt_entry_main                          0x08000247   Thumb Code     0  __rtentry2.o(.ARM.Collect$$rtentry$$0000000D)
    __rt_entry_postli_1                      0x08000247   Thumb Code     0  __rtentry2.o(.ARM.Collect$$rtentry$$0000000C)
    __rt_exit                                0x0800024f   Thumb Code     0  rtexit.o(.ARM.Collect$$rtexit$$00000000)
    __rt_exit_ls                             0x08000251   Thumb Code     0  rtexit2.o(.ARM.Collect$$rtexit$$00000003)
    __rt_exit_prels_1                        0x08000251   Thumb Code     0  rtexit2.o(.ARM.Collect$$rtexit$$00000002)
    __rt_exit_exit                           0x08000255   Thumb Code     0  rtexit2.o(.ARM.Collect$$rtexit$$00000004)
    SVC_Handler                              0x0800025d   Thumb Code    28  port.o(.emb_text)
    __asm___6_port_c_39a90d8d__prvStartFirstTask 0x0800027d   Thumb Code    36  port.o(.emb_text)
    __asm___6_port_c_39a90d8d__prvEnableVFP  0x080002a5   Thumb Code    16  port.o(.emb_text)
    PendSV_Handler                           0x080002b9   Thumb Code    88  port.o(.emb_text)
    vPortGetIPSR                             0x08000315   Thumb Code     6  port.o(.emb_text)
    Reset_Handler                            0x0800031d   Thumb Code     8  startup_stm32f429xx.o(.text)
    ADC_IRQHandler                           0x08000337   Thumb Code     0  startup_stm32f429xx.o(.text)
    CAN1_RX0_IRQHandler                      0x08000337   Thumb Code     0  startup_stm32f429xx.o(.text)
    CAN1_RX1_IRQHandler                      0x08000337   Thumb Code     0  startup_stm32f429xx.o(.text)
    CAN1_SCE_IRQHandler                      0x08000337   Thumb Code     0  startup_stm32f429xx.o(.text)
    CAN1_TX_IRQHandler                       0x08000337   Thumb Code     0  startup_stm32f429xx.o(.text)
    CAN2_RX0_IRQHandler                      0x08000337   Thumb Code     0  startup_stm32f429xx.o(.text)
    CAN2_RX1_IRQHandler                      0x08000337   Thumb Code     0  startup_stm32f429xx.o(.text)
    CAN2_SCE_IRQHandler                      0x08000337   Thumb Code     0  startup_stm32f429xx.o(.text)
    CAN2_TX_IRQHandler                       0x08000337   Thumb Code     0  startup_stm32f429xx.o(.text)
    DCMI_IRQHandler                          0x08000337   Thumb Code     0  startup_stm32f429xx.o(.text)
    DMA1_Stream0_IRQHandler                  0x08000337   Thumb Code     0  startup_stm32f429xx.o(.text)
    DMA1_Stream1_IRQHandler                  0x08000337   Thumb Code     0  startup_stm32f429xx.o(.text)
    DMA1_Stream2_IRQHandler                  0x08000337   Thumb Code     0  startup_stm32f429xx.o(.text)
    DMA1_Stream3_IRQHandler                  0x08000337   Thumb Code     0  startup_stm32f429xx.o(.text)
    DMA1_Stream4_IRQHandler                  0x08000337   Thumb Code     0  startup_stm32f429xx.o(.text)
    DMA1_Stream5_IRQHandler                  0x08000337   Thumb Code     0  startup_stm32f429xx.o(.text)
    DMA1_Stream6_IRQHandler                  0x08000337   Thumb Code     0  startup_stm32f429xx.o(.text)
    DMA1_Stream7_IRQHandler                  0x08000337   Thumb Code     0  startup_stm32f429xx.o(.text)
    DMA2D_IRQHandler                         0x08000337   Thumb Code     0  startup_stm32f429xx.o(.text)
    DMA2_Stream0_IRQHandler                  0x08000337   Thumb Code     0  startup_stm32f429xx.o(.text)
    DMA2_Stream1_IRQHandler                  0x08000337   Thumb Code     0  startup_stm32f429xx.o(.text)
    DMA2_Stream2_IRQHandler                  0x08000337   Thumb Code     0  startup_stm32f429xx.o(.text)
    DMA2_Stream3_IRQHandler                  0x08000337   Thumb Code     0  startup_stm32f429xx.o(.text)
    DMA2_Stream4_IRQHandler                  0x08000337   Thumb Code     0  startup_stm32f429xx.o(.text)
    DMA2_Stream5_IRQHandler                  0x08000337   Thumb Code     0  startup_stm32f429xx.o(.text)
    DMA2_Stream6_IRQHandler                  0x08000337   Thumb Code     0  startup_stm32f429xx.o(.text)
    DMA2_Stream7_IRQHandler                  0x08000337   Thumb Code     0  startup_stm32f429xx.o(.text)
    ETH_IRQHandler                           0x08000337   Thumb Code     0  startup_stm32f429xx.o(.text)
    ETH_WKUP_IRQHandler                      0x08000337   Thumb Code     0  startup_stm32f429xx.o(.text)
    EXTI0_IRQHandler                         0x08000337   Thumb Code     0  startup_stm32f429xx.o(.text)
    EXTI15_10_IRQHandler                     0x08000337   Thumb Code     0  startup_stm32f429xx.o(.text)
    EXTI1_IRQHandler                         0x08000337   Thumb Code     0  startup_stm32f429xx.o(.text)
    EXTI2_IRQHandler                         0x08000337   Thumb Code     0  startup_stm32f429xx.o(.text)
    EXTI3_IRQHandler                         0x08000337   Thumb Code     0  startup_stm32f429xx.o(.text)
    EXTI4_IRQHandler                         0x08000337   Thumb Code     0  startup_stm32f429xx.o(.text)
    EXTI9_5_IRQHandler                       0x08000337   Thumb Code     0  startup_stm32f429xx.o(.text)
    FLASH_IRQHandler                         0x08000337   Thumb Code     0  startup_stm32f429xx.o(.text)
    FMC_IRQHandler                           0x08000337   Thumb Code     0  startup_stm32f429xx.o(.text)
    FPU_IRQHandler                           0x08000337   Thumb Code     0  startup_stm32f429xx.o(.text)
    HASH_RNG_IRQHandler                      0x08000337   Thumb Code     0  startup_stm32f429xx.o(.text)
    I2C1_ER_IRQHandler                       0x08000337   Thumb Code     0  startup_stm32f429xx.o(.text)
    I2C1_EV_IRQHandler                       0x08000337   Thumb Code     0  startup_stm32f429xx.o(.text)
    I2C2_ER_IRQHandler                       0x08000337   Thumb Code     0  startup_stm32f429xx.o(.text)
    I2C2_EV_IRQHandler                       0x08000337   Thumb Code     0  startup_stm32f429xx.o(.text)
    I2C3_ER_IRQHandler                       0x08000337   Thumb Code     0  startup_stm32f429xx.o(.text)
    I2C3_EV_IRQHandler                       0x08000337   Thumb Code     0  startup_stm32f429xx.o(.text)
    LTDC_ER_IRQHandler                       0x08000337   Thumb Code     0  startup_stm32f429xx.o(.text)
    LTDC_IRQHandler                          0x08000337   Thumb Code     0  startup_stm32f429xx.o(.text)
    OTG_FS_IRQHandler                        0x08000337   Thumb Code     0  startup_stm32f429xx.o(.text)
    OTG_FS_WKUP_IRQHandler                   0x08000337   Thumb Code     0  startup_stm32f429xx.o(.text)
    OTG_HS_EP1_IN_IRQHandler                 0x08000337   Thumb Code     0  startup_stm32f429xx.o(.text)
    OTG_HS_EP1_OUT_IRQHandler                0x08000337   Thumb Code     0  startup_stm32f429xx.o(.text)
    OTG_HS_IRQHandler                        0x08000337   Thumb Code     0  startup_stm32f429xx.o(.text)
    OTG_HS_WKUP_IRQHandler                   0x08000337   Thumb Code     0  startup_stm32f429xx.o(.text)
    PVD_IRQHandler                           0x08000337   Thumb Code     0  startup_stm32f429xx.o(.text)
    RCC_IRQHandler                           0x08000337   Thumb Code     0  startup_stm32f429xx.o(.text)
    RTC_Alarm_IRQHandler                     0x08000337   Thumb Code     0  startup_stm32f429xx.o(.text)
    RTC_WKUP_IRQHandler                      0x08000337   Thumb Code     0  startup_stm32f429xx.o(.text)
    SAI1_IRQHandler                          0x08000337   Thumb Code     0  startup_stm32f429xx.o(.text)
    SDIO_IRQHandler                          0x08000337   Thumb Code     0  startup_stm32f429xx.o(.text)
    SPI1_IRQHandler                          0x08000337   Thumb Code     0  startup_stm32f429xx.o(.text)
    SPI2_IRQHandler                          0x08000337   Thumb Code     0  startup_stm32f429xx.o(.text)
    SPI3_IRQHandler                          0x08000337   Thumb Code     0  startup_stm32f429xx.o(.text)
    SPI4_IRQHandler                          0x08000337   Thumb Code     0  startup_stm32f429xx.o(.text)
    SPI5_IRQHandler                          0x08000337   Thumb Code     0  startup_stm32f429xx.o(.text)
    SPI6_IRQHandler                          0x08000337   Thumb Code     0  startup_stm32f429xx.o(.text)
    TAMP_STAMP_IRQHandler                    0x08000337   Thumb Code     0  startup_stm32f429xx.o(.text)
    TIM1_BRK_TIM9_IRQHandler                 0x08000337   Thumb Code     0  startup_stm32f429xx.o(.text)
    TIM1_CC_IRQHandler                       0x08000337   Thumb Code     0  startup_stm32f429xx.o(.text)
    TIM1_TRG_COM_TIM11_IRQHandler            0x08000337   Thumb Code     0  startup_stm32f429xx.o(.text)
    TIM1_UP_TIM10_IRQHandler                 0x08000337   Thumb Code     0  startup_stm32f429xx.o(.text)
    TIM2_IRQHandler                          0x08000337   Thumb Code     0  startup_stm32f429xx.o(.text)
    TIM3_IRQHandler                          0x08000337   Thumb Code     0  startup_stm32f429xx.o(.text)
    TIM4_IRQHandler                          0x08000337   Thumb Code     0  startup_stm32f429xx.o(.text)
    TIM5_IRQHandler                          0x08000337   Thumb Code     0  startup_stm32f429xx.o(.text)
    TIM8_BRK_TIM12_IRQHandler                0x08000337   Thumb Code     0  startup_stm32f429xx.o(.text)
    TIM8_CC_IRQHandler                       0x08000337   Thumb Code     0  startup_stm32f429xx.o(.text)
    TIM8_TRG_COM_TIM14_IRQHandler            0x08000337   Thumb Code     0  startup_stm32f429xx.o(.text)
    TIM8_UP_TIM13_IRQHandler                 0x08000337   Thumb Code     0  startup_stm32f429xx.o(.text)
    UART4_IRQHandler                         0x08000337   Thumb Code     0  startup_stm32f429xx.o(.text)
    UART5_IRQHandler                         0x08000337   Thumb Code     0  startup_stm32f429xx.o(.text)
    UART7_IRQHandler                         0x08000337   Thumb Code     0  startup_stm32f429xx.o(.text)
    UART8_IRQHandler                         0x08000337   Thumb Code     0  startup_stm32f429xx.o(.text)
    USART2_IRQHandler                        0x08000337   Thumb Code     0  startup_stm32f429xx.o(.text)
    USART3_IRQHandler                        0x08000337   Thumb Code     0  startup_stm32f429xx.o(.text)
    USART6_IRQHandler                        0x08000337   Thumb Code     0  startup_stm32f429xx.o(.text)
    WWDG_IRQHandler                          0x08000337   Thumb Code     0  startup_stm32f429xx.o(.text)
    __user_initial_stackheap                 0x08000339   Thumb Code     0  startup_stm32f429xx.o(.text)
    __use_no_semihosting                     0x0800035d   Thumb Code     2  use_no_semi_2.o(.text)
    __aeabi_uldivmod                         0x0800035f   Thumb Code     0  lludivv7m.o(.text)
    _ll_udiv                                 0x0800035f   Thumb Code   238  lludivv7m.o(.text)
    __2printf                                0x0800044d   Thumb Code    20  noretval__2printf.o(.text)
    __printf                                 0x08000465   Thumb Code   104  __printf.o(.text)
    _printf_str                              0x080004cd   Thumb Code    82  _printf_str.o(.text)
    _printf_int_dec                          0x08000521   Thumb Code   104  _printf_dec.o(.text)
    __aeabi_memcpy                           0x08000599   Thumb Code     0  rt_memcpy_v6.o(.text)
    __rt_memcpy                              0x08000599   Thumb Code   138  rt_memcpy_v6.o(.text)
    _memcpy_lastbytes                        0x080005ff   Thumb Code     0  rt_memcpy_v6.o(.text)
    __aeabi_memcpy4                          0x08000623   Thumb Code     0  rt_memcpy_w.o(.text)
    __aeabi_memcpy8                          0x08000623   Thumb Code     0  rt_memcpy_w.o(.text)
    __rt_memcpy_w                            0x08000623   Thumb Code   100  rt_memcpy_w.o(.text)
    _memcpy_lastbytes_aligned                0x0800066b   Thumb Code     0  rt_memcpy_w.o(.text)
    __aeabi_memset                           0x08000687   Thumb Code    16  aeabi_memset.o(.text)
    __aeabi_memclr4                          0x08000697   Thumb Code     0  rt_memclr_w.o(.text)
    __aeabi_memclr8                          0x08000697   Thumb Code     0  rt_memclr_w.o(.text)
    __rt_memclr_w                            0x08000697   Thumb Code    78  rt_memclr_w.o(.text)
    _memset_w                                0x0800069b   Thumb Code     0  rt_memclr_w.o(.text)
    __use_two_region_memory                  0x080006e5   Thumb Code     2  heapauxi.o(.text)
    __rt_heap_escrow$2region                 0x080006e7   Thumb Code     2  heapauxi.o(.text)
    __rt_heap_expand$2region                 0x080006e9   Thumb Code     2  heapauxi.o(.text)
    __semihosting$guard                      0x080006eb   Thumb Code     0  use_no_semi.o(.text)
    __use_no_semihosting_swi                 0x080006eb   Thumb Code     2  use_no_semi.o(.text)
    _printf_int_common                       0x080006ed   Thumb Code   178  _printf_intcommon.o(.text)
    _printf_char_common                      0x080007ab   Thumb Code    32  _printf_char_common.o(.text)
    _printf_cs_common                        0x080007d1   Thumb Code    20  _printf_char.o(.text)
    _printf_char                             0x080007e5   Thumb Code    16  _printf_char.o(.text)
    _printf_string                           0x080007f5   Thumb Code     8  _printf_char.o(.text)
    _printf_char_file                        0x080007fd   Thumb Code    32  _printf_char_file.o(.text)
    __aeabi_memclr                           0x08000821   Thumb Code     0  rt_memclr.o(.text)
    __rt_memclr                              0x08000821   Thumb Code    68  rt_memclr.o(.text)
    _memset                                  0x08000825   Thumb Code     0  rt_memclr.o(.text)
    ferror                                   0x08000865   Thumb Code     8  ferror.o(.text)
    __user_setup_stackheap                   0x0800086d   Thumb Code    74  sys_stackheap_outer.o(.text)
    exit                                     0x080008b7   Thumb Code    18  exit.o(.text)
    __user_libspace                          0x080008c9   Thumb Code     8  libspace.o(.text)
    __user_perproc_libspace                  0x080008c9   Thumb Code     0  libspace.o(.text)
    __user_perthread_libspace                0x080008c9   Thumb Code     0  libspace.o(.text)
    BusFault_Handler                         0x080008d1   Thumb Code     4  stm32f4xx_it.o(i.BusFault_Handler)
    ConfigureTimeForRunTimeStats             0x080008d5   Thumb Code    18  btim.o(i.ConfigureTimeForRunTimeStats)
    DebugMon_Handler                         0x080008ed   Thumb Code     2  stm32f4xx_it.o(i.DebugMon_Handler)
    FMC_NORSRAM_Extended_Timing_Init         0x080008f1   Thumb Code    62  stm32f4xx_ll_fmc.o(i.FMC_NORSRAM_Extended_Timing_Init)
    FMC_NORSRAM_Init                         0x08000935   Thumb Code   148  stm32f4xx_ll_fmc.o(i.FMC_NORSRAM_Init)
    FMC_NORSRAM_Timing_Init                  0x080009cd   Thumb Code   102  stm32f4xx_ll_fmc.o(i.FMC_NORSRAM_Timing_Init)
    FMC_SDRAM_Init                           0x08000a33   Thumb Code   108  stm32f4xx_ll_fmc.o(i.FMC_SDRAM_Init)
    FMC_SDRAM_ProgramRefreshRate             0x08000a9f   Thumb Code    20  stm32f4xx_ll_fmc.o(i.FMC_SDRAM_ProgramRefreshRate)
    FMC_SDRAM_SendCommand                    0x08000ab3   Thumb Code    86  stm32f4xx_ll_fmc.o(i.FMC_SDRAM_SendCommand)
    FMC_SDRAM_Timing_Init                    0x08000b09   Thumb Code   144  stm32f4xx_ll_fmc.o(i.FMC_SDRAM_Timing_Init)
    HAL_DMA_Abort                            0x08000b9d   Thumb Code   172  stm32f4xx_hal_dma.o(i.HAL_DMA_Abort)
    HAL_DMA_Abort_IT                         0x08000c49   Thumb Code    40  stm32f4xx_hal_dma.o(i.HAL_DMA_Abort_IT)
    HAL_GPIO_Init                            0x08000c71   Thumb Code   474  stm32f4xx_hal_gpio.o(i.HAL_GPIO_Init)
    HAL_GPIO_ReadPin                         0x08000e81   Thumb Code    16  stm32f4xx_hal_gpio.o(i.HAL_GPIO_ReadPin)
    HAL_GPIO_TogglePin                       0x08000e91   Thumb Code    20  stm32f4xx_hal_gpio.o(i.HAL_GPIO_TogglePin)
    HAL_GPIO_WritePin                        0x08000ea5   Thumb Code    12  stm32f4xx_hal_gpio.o(i.HAL_GPIO_WritePin)
    HAL_GetTick                              0x08000eb1   Thumb Code     6  stm32f4xx_hal.o(i.HAL_GetTick)
    HAL_IncTick                              0x08000ebd   Thumb Code    16  stm32f4xx_hal.o(i.HAL_IncTick)
    HAL_Init                                 0x08000ed5   Thumb Code    54  stm32f4xx_hal.o(i.HAL_Init)
    HAL_InitTick                             0x08000f11   Thumb Code    64  stm32f4xx_hal.o(i.HAL_InitTick)
    HAL_LTDC_ConfigLayer                     0x08000f5d   Thumb Code    94  stm32f4xx_hal_ltdc.o(i.HAL_LTDC_ConfigLayer)
    HAL_LTDC_Init                            0x08000fbd   Thumb Code   274  stm32f4xx_hal_ltdc.o(i.HAL_LTDC_Init)
    HAL_LTDC_MspInit                         0x080010d5   Thumb Code   322  ltdc.o(i.HAL_LTDC_MspInit)
    HAL_LTDC_SetWindowPosition               0x08001231   Thumb Code   108  stm32f4xx_hal_ltdc.o(i.HAL_LTDC_SetWindowPosition)
    HAL_LTDC_SetWindowSize                   0x0800129d   Thumb Code   108  stm32f4xx_hal_ltdc.o(i.HAL_LTDC_SetWindowSize)
    HAL_MspInit                              0x08001309   Thumb Code     2  stm32f4xx_hal.o(i.HAL_MspInit)
    HAL_NVIC_EnableIRQ                       0x0800130b   Thumb Code    32  stm32f4xx_hal_cortex.o(i.HAL_NVIC_EnableIRQ)
    HAL_NVIC_SetPriority                     0x0800132b   Thumb Code   124  stm32f4xx_hal_cortex.o(i.HAL_NVIC_SetPriority)
    HAL_NVIC_SetPriorityGrouping             0x080013a9   Thumb Code    32  stm32f4xx_hal_cortex.o(i.HAL_NVIC_SetPriorityGrouping)
    HAL_PWREx_EnableOverDrive                0x080013d1   Thumb Code   128  stm32f4xx_hal_pwr_ex.o(i.HAL_PWREx_EnableOverDrive)
    HAL_RCCEx_PeriphCLKConfig                0x0800145d   Thumb Code   746  stm32f4xx_hal_rcc_ex.o(i.HAL_RCCEx_PeriphCLKConfig)
    HAL_RCC_ClockConfig                      0x08001761   Thumb Code   368  stm32f4xx_hal_rcc.o(i.HAL_RCC_ClockConfig)
    HAL_RCC_GetHCLKFreq                      0x080018e5   Thumb Code     6  stm32f4xx_hal_rcc.o(i.HAL_RCC_GetHCLKFreq)
    HAL_RCC_GetPCLK1Freq                     0x080018f1   Thumb Code    22  stm32f4xx_hal_rcc.o(i.HAL_RCC_GetPCLK1Freq)
    HAL_RCC_GetPCLK2Freq                     0x08001911   Thumb Code    22  stm32f4xx_hal_rcc.o(i.HAL_RCC_GetPCLK2Freq)
    HAL_RCC_GetSysClockFreq                  0x08001931   Thumb Code   162  stm32f4xx_hal_rcc.o(i.HAL_RCC_GetSysClockFreq)
    HAL_RCC_OscConfig                        0x080019e1   Thumb Code  1172  stm32f4xx_hal_rcc.o(i.HAL_RCC_OscConfig)
    HAL_SDRAM_Init                           0x08001e7d   Thumb Code    64  stm32f4xx_hal_sdram.o(i.HAL_SDRAM_Init)
    HAL_SDRAM_MspInit                        0x08001ebd   Thumb Code   282  sdram.o(i.HAL_SDRAM_MspInit)
    HAL_SDRAM_ProgramRefreshRate             0x08001ff1   Thumb Code    54  stm32f4xx_hal_sdram.o(i.HAL_SDRAM_ProgramRefreshRate)
    HAL_SDRAM_SendCommand                    0x08002027   Thumb Code    78  stm32f4xx_hal_sdram.o(i.HAL_SDRAM_SendCommand)
    HAL_SRAM_Init                            0x08002075   Thumb Code    94  stm32f4xx_hal_sram.o(i.HAL_SRAM_Init)
    HAL_SRAM_MspInit                         0x080020d5   Thumb Code   152  lcd.o(i.HAL_SRAM_MspInit)
    HAL_SYSTICK_CLKSourceConfig              0x08002179   Thumb Code    40  stm32f4xx_hal_cortex.o(i.HAL_SYSTICK_CLKSourceConfig)
    HAL_SYSTICK_Config                       0x080021a1   Thumb Code    52  stm32f4xx_hal_cortex.o(i.HAL_SYSTICK_Config)
    HAL_TIMEx_BreakCallback                  0x080021d5   Thumb Code     2  stm32f4xx_hal_tim_ex.o(i.HAL_TIMEx_BreakCallback)
    HAL_TIMEx_CommutCallback                 0x080021d7   Thumb Code     2  stm32f4xx_hal_tim_ex.o(i.HAL_TIMEx_CommutCallback)
    HAL_TIM_Base_Init                        0x080021d9   Thumb Code   102  stm32f4xx_hal_tim.o(i.HAL_TIM_Base_Init)
    HAL_TIM_Base_MspInit                     0x08002241   Thumb Code   126  btim.o(i.HAL_TIM_Base_MspInit)
    HAL_TIM_Base_Start_IT                    0x080022cd   Thumb Code   138  stm32f4xx_hal_tim.o(i.HAL_TIM_Base_Start_IT)
    HAL_TIM_IC_CaptureCallback               0x08002375   Thumb Code     2  stm32f4xx_hal_tim.o(i.HAL_TIM_IC_CaptureCallback)
    HAL_TIM_IRQHandler                       0x08002377   Thumb Code   406  stm32f4xx_hal_tim.o(i.HAL_TIM_IRQHandler)
    HAL_TIM_OC_DelayElapsedCallback          0x0800250d   Thumb Code     2  stm32f4xx_hal_tim.o(i.HAL_TIM_OC_DelayElapsedCallback)
    HAL_TIM_PWM_PulseFinishedCallback        0x0800250f   Thumb Code     2  stm32f4xx_hal_tim.o(i.HAL_TIM_PWM_PulseFinishedCallback)
    HAL_TIM_PeriodElapsedCallback            0x08002511   Thumb Code    40  btim.o(i.HAL_TIM_PeriodElapsedCallback)
    HAL_TIM_TriggerCallback                  0x08002569   Thumb Code     2  stm32f4xx_hal_tim.o(i.HAL_TIM_TriggerCallback)
    HAL_UARTEx_RxEventCallback               0x0800256b   Thumb Code     2  stm32f4xx_hal_uart.o(i.HAL_UARTEx_RxEventCallback)
    HAL_UART_ErrorCallback                   0x0800256d   Thumb Code     2  stm32f4xx_hal_uart.o(i.HAL_UART_ErrorCallback)
    HAL_UART_GetState                        0x0800256f   Thumb Code    20  stm32f4xx_hal_uart.o(i.HAL_UART_GetState)
    HAL_UART_IRQHandler                      0x08002585   Thumb Code   732  stm32f4xx_hal_uart.o(i.HAL_UART_IRQHandler)
    HAL_UART_Init                            0x08002865   Thumb Code   114  stm32f4xx_hal_uart.o(i.HAL_UART_Init)
    HAL_UART_MspInit                         0x080028d9   Thumb Code   190  usart.o(i.HAL_UART_MspInit)
    HAL_UART_Receive_IT                      0x080029a5   Thumb Code    66  stm32f4xx_hal_uart.o(i.HAL_UART_Receive_IT)
    HAL_UART_RxCpltCallback                  0x080029e9   Thumb Code   120  usart.o(i.HAL_UART_RxCpltCallback)
    HAL_UART_TxCpltCallback                  0x08002a71   Thumb Code     2  stm32f4xx_hal_uart.o(i.HAL_UART_TxCpltCallback)
    HardFault_Handler                        0x08002a73   Thumb Code     4  stm32f4xx_it.o(i.HardFault_Handler)
    MemManage_Handler                        0x08002c87   Thumb Code     4  stm32f4xx_it.o(i.MemManage_Handler)
    NMI_Handler                              0x08002c8b   Thumb Code     2  stm32f4xx_it.o(i.NMI_Handler)
    SysTick_Handler                          0x08002c8d   Thumb Code    20  delay.o(i.SysTick_Handler)
    SystemInit                               0x08002ca1   Thumb Code    14  system_stm32f4xx.o(i.SystemInit)
    TIM6_DAC_IRQHandler                      0x08002cb5   Thumb Code    10  btim.o(i.TIM6_DAC_IRQHandler)
    TIM7_IRQHandler                          0x08002cc5   Thumb Code    10  btim.o(i.TIM7_IRQHandler)
    TIM_Base_SetConfig                       0x08002cd5   Thumb Code   170  stm32f4xx_hal_tim.o(i.TIM_Base_SetConfig)
    UART_Start_Receive_IT                    0x08003171   Thumb Code    74  stm32f4xx_hal_uart.o(i.UART_Start_Receive_IT)
    USART1_IRQHandler                        0x0800321d   Thumb Code    66  usart.o(i.USART1_IRQHandler)
    UsageFault_Handler                       0x0800326d   Thumb Code     4  stm32f4xx_it.o(i.UsageFault_Handler)
    _sys_exit                                0x080032a9   Thumb Code     4  usart.o(i._sys_exit)
    btim_timx_int_init                       0x080032ad   Thumb Code    34  btim.o(i.btim_timx_int_init)
    delay_init                               0x080032d9   Thumb Code    52  delay.o(i.delay_init)
    delay_ms                                 0x08003311   Thumb Code    24  delay.o(i.delay_ms)
    delay_us                                 0x08003329   Thumb Code    68  delay.o(i.delay_us)
    fputc                                    0x08003371   Thumb Code    22  usart.o(i.fputc)
    freertos_demo                            0x0800338d   Thumb Code    28  freertos_demo.o(i.freertos_demo)
    key_init                                 0x080033bd   Thumb Code   242  key.o(i.key_init)
    lcd_clear                                0x080034c1   Thumb Code    58  lcd.o(i.lcd_clear)
    lcd_display_dir                          0x08003509   Thumb Code   328  lcd.o(i.lcd_display_dir)
    lcd_ex_ili9341_reginit                   0x08003659   Thumb Code   556  lcd.o(i.lcd_ex_ili9341_reginit)
    lcd_ex_nt35310_reginit                   0x08003885   Thumb Code  3826  lcd.o(i.lcd_ex_nt35310_reginit)
    lcd_ex_nt35510_reginit                   0x08004777   Thumb Code  3836  lcd.o(i.lcd_ex_nt35510_reginit)
    lcd_ex_ssd1963_reginit                   0x08005673   Thumb Code   366  lcd.o(i.lcd_ex_ssd1963_reginit)
    lcd_ex_st7789_reginit                    0x080057e1   Thumb Code   424  lcd.o(i.lcd_ex_st7789_reginit)
    lcd_init                                 0x08005989   Thumb Code  1076  lcd.o(i.lcd_init)
    lcd_scan_dir                             0x08005dd5   Thumb Code   556  lcd.o(i.lcd_scan_dir)
    lcd_set_cursor                           0x08006005   Thumb Code   282  lcd.o(i.lcd_set_cursor)
    lcd_ssd_backlight_set                    0x08006125   Thumb Code    88  lcd.o(i.lcd_ssd_backlight_set)
    lcd_wr_data                              0x08006185   Thumb Code    18  lcd.o(i.lcd_wr_data)
    lcd_wr_regno                             0x0800619d   Thumb Code    18  lcd.o(i.lcd_wr_regno)
    lcd_write_ram_prepare                    0x080061b5   Thumb Code    10  lcd.o(i.lcd_write_ram_prepare)
    lcd_write_reg                            0x080061c9   Thumb Code    10  lcd.o(i.lcd_write_reg)
    led_init                                 0x080061d9   Thumb Code   140  led.o(i.led_init)
    ltdc_clear                               0x0800626d   Thumb Code    32  ltdc.o(i.ltdc_clear)
    ltdc_clk_set                             0x08006291   Thumb Code    38  ltdc.o(i.ltdc_clk_set)
    ltdc_display_dir                         0x080062b9   Thumb Code    40  ltdc.o(i.ltdc_display_dir)
    ltdc_fill                                0x080062e5   Thumb Code   340  ltdc.o(i.ltdc_fill)
    ltdc_init                                0x08006449   Thumb Code   656  ltdc.o(i.ltdc_init)
    ltdc_layer_parameter_config              0x080066f5   Thumb Code   114  ltdc.o(i.ltdc_layer_parameter_config)
    ltdc_layer_window_config                 0x08006771   Thumb Code    44  ltdc.o(i.ltdc_layer_window_config)
    ltdc_panelid_read                        0x080067a1   Thumb Code   198  ltdc.o(i.ltdc_panelid_read)
    ltdc_select_layer                        0x08006875   Thumb Code     6  ltdc.o(i.ltdc_select_layer)
    main                                     0x08006881   Thumb Code    76  main.o(i.main)
    my_mem_init                              0x080068cd   Thumb Code    34  malloc.o(i.my_mem_init)
    my_mem_perused                           0x080068f9   Thumb Code    56  malloc.o(i.my_mem_perused)
    my_mem_set                               0x08006939   Thumb Code    20  malloc.o(i.my_mem_set)
    pvPortMalloc                             0x08007491   Thumb Code   306  heap_4.o(i.pvPortMalloc)
    pxPortInitialiseStack                    0x08007625   Thumb Code    38  port.o(i.pxPortInitialiseStack)
    sdram_init                               0x08007651   Thumb Code   106  sdram.o(i.sdram_init)
    sdram_initialization_sequence            0x080076c5   Thumb Code    68  sdram.o(i.sdram_initialization_sequence)
    sdram_send_cmd                           0x08007709   Thumb Code    68  sdram.o(i.sdram_send_cmd)
    start_task                               0x08007751   Thumb Code    60  freertos_demo.o(i.start_task)
    sys_stm32_clock_init                     0x080077ad   Thumb Code   196  sys.o(i.sys_stm32_clock_init)
    task1                                    0x08007879   Thumb Code    30  freertos_demo.o(i.task1)
    task2                                    0x0800789d   Thumb Code    40  freertos_demo.o(i.task2)
    usart_init                               0x080078c9   Thumb Code    44  usart.o(i.usart_init)
    uxListRemove                             0x08007901   Thumb Code    40  list.o(i.uxListRemove)
    vListInitialise                          0x08007929   Thumb Code    26  list.o(i.vListInitialise)
    vListInitialiseItem                      0x08007943   Thumb Code     6  list.o(i.vListInitialiseItem)
    vListInsert                              0x08007949   Thumb Code    52  list.o(i.vListInsert)
    vListInsertEnd                           0x0800797d   Thumb Code    24  list.o(i.vListInsertEnd)
    vPortEnterCritical                       0x08007995   Thumb Code    68  port.o(i.vPortEnterCritical)
    vPortExitCritical                        0x08007a2d   Thumb Code    48  port.o(i.vPortExitCritical)
    vPortFree                                0x08007aad   Thumb Code   130  heap_4.o(i.vPortFree)
    vPortSetupTimerInterrupt                 0x08007b85   Thumb Code    36  port.o(i.vPortSetupTimerInterrupt)
    vQueueAddToRegistry                      0x08007bad   Thumb Code    84  queue.o(i.vQueueAddToRegistry)
    vQueueWaitForMessageRestricted           0x08007c39   Thumb Code    74  queue.o(i.vQueueWaitForMessageRestricted)
    vTaskDelay                               0x08007c85   Thumb Code    72  tasks.o(i.vTaskDelay)
    vTaskDelete                              0x08007d09   Thumb Code   200  tasks.o(i.vTaskDelete)
    vTaskInternalSetTimeOutState             0x08007e2d   Thumb Code    14  tasks.o(i.vTaskInternalSetTimeOutState)
    vTaskMissedYield                         0x08007e45   Thumb Code     8  tasks.o(i.vTaskMissedYield)
    vTaskPlaceOnEventList                    0x08007e51   Thumb Code    42  tasks.o(i.vTaskPlaceOnEventList)
    vTaskPlaceOnEventListRestricted          0x08007eb5   Thumb Code    84  tasks.o(i.vTaskPlaceOnEventListRestricted)
    vTaskStartScheduler                      0x08007f41   Thumb Code   116  tasks.o(i.vTaskStartScheduler)
    vTaskSuspendAll                          0x08008009   Thumb Code    12  tasks.o(i.vTaskSuspendAll)
    vTaskSwitchContext                       0x08008019   Thumb Code   162  tasks.o(i.vTaskSwitchContext)
    xPortStartScheduler                      0x08008111   Thumb Code   322  port.o(i.xPortStartScheduler)
    xPortSysTickHandler                      0x080082bd   Thumb Code    46  port.o(i.xPortSysTickHandler)
    xQueueGenericCreate                      0x080082f1   Thumb Code    92  queue.o(i.xQueueGenericCreate)
    xQueueGenericReset                       0x08008381   Thumb Code   194  queue.o(i.xQueueGenericReset)
    xQueueReceive                            0x0800847d   Thumb Code   326  queue.o(i.xQueueReceive)
    xTaskCheckForTimeOut                     0x080085fd   Thumb Code   140  tasks.o(i.xTaskCheckForTimeOut)
    xTaskCreate                              0x080086c9   Thumb Code    96  tasks.o(i.xTaskCreate)
    xTaskDelayUntil                          0x08008729   Thumb Code   172  tasks.o(i.xTaskDelayUntil)
    xTaskGetSchedulerState                   0x08008815   Thumb Code    24  tasks.o(i.xTaskGetSchedulerState)
    xTaskGetTickCount                        0x08008835   Thumb Code     6  tasks.o(i.xTaskGetTickCount)
    xTaskIncrementTick                       0x08008841   Thumb Code   390  tasks.o(i.xTaskIncrementTick)
    xTaskPriorityDisinherit                  0x08008a29   Thumb Code   206  tasks.o(i.xTaskPriorityDisinherit)
    xTaskRemoveFromEventList                 0x08008b39   Thumb Code   254  tasks.o(i.xTaskRemoveFromEventList)
    xTaskResumeAll                           0x08008c85   Thumb Code   328  tasks.o(i.xTaskResumeAll)
    xTimerCreateTimerTask                    0x08008e25   Thumb Code    56  timers.o(i.xTimerCreateTimerTask)
    __aeabi_d2uiz                            0x08008ea5   Thumb Code     0  dfixu.o(x$fpl$dfixu)
    _dfixu                                   0x08008ea5   Thumb Code    90  dfixu.o(x$fpl$dfixu)
    __aeabi_ui2d                             0x08008eff   Thumb Code     0  dflt_clz.o(x$fpl$dfltu)
    _dfltu                                   0x08008eff   Thumb Code    38  dflt_clz.o(x$fpl$dfltu)
    __aeabi_dmul                             0x08008f25   Thumb Code     0  dmul.o(x$fpl$dmul)
    _dmul                                    0x08008f25   Thumb Code   332  dmul.o(x$fpl$dmul)
    __fpl_dnaninf                            0x08009079   Thumb Code   156  dnaninf.o(x$fpl$dnaninf)
    __fpl_dretinf                            0x08009115   Thumb Code    12  dretinf.o(x$fpl$dretinf)
    _fp_init                                 0x08009121   Thumb Code    10  fpinit.o(x$fpl$fpinit)
    __fplib_config_fpu_vfp                   0x08009129   Thumb Code     0  fpinit.o(x$fpl$fpinit)
    __fplib_config_pureend_doubles           0x08009129   Thumb Code     0  fpinit.o(x$fpl$fpinit)
    AHBPrescTable                            0x0800912a   Data          16  system_stm32f4xx.o(.constdata)
    __I$use$fp                               0x0800912a   Number         0  usenofp.o(x$fpl$usenofp)
    APBPrescTable                            0x0800913a   Data           8  system_stm32f4xx.o(.constdata)
    memtblsize                               0x08009144   Data          12  malloc.o(.constdata)
    memblksize                               0x08009150   Data          12  malloc.o(.constdata)
    memsize                                  0x0800915c   Data          12  malloc.o(.constdata)
    Region$$Table$$Base                      0x08009168   Number         0  anon$$obj.o(Region$$Table)
    Region$$Table$$Limit                     0x08009188   Number         0  anon$$obj.o(Region$$Table)
    SystemCoreClock                          0x20000000   Data           4  system_stm32f4xx.o(.data)
    start_task_handler                       0x20000004   Data           4  freertos_demo.o(.data)
    task1_handler                            0x20000008   Data           4  freertos_demo.o(.data)
    task2_handler                            0x2000000c   Data           4  freertos_demo.o(.data)
    __stdout                                 0x20000010   Data           4  usart.o(.data)
    g_usart_rx_sta                           0x20000014   Data           2  usart.o(.data)
    g_rx_buffer                              0x20000016   Data           1  usart.o(.data)
    uwTick                                   0x2000001c   Data           4  stm32f4xx_hal.o(.data)
    uwTickPrio                               0x20000020   Data           4  stm32f4xx_hal.o(.data)
    uwTickFreq                               0x20000024   Data           1  stm32f4xx_hal.o(.data)
    ltdc_framebuf                            0x20000028   Data           8  ltdc.o(.data)
    FreeRTOSRunTimeTicks                     0x20000030   Data           4  btim.o(.data)
    mallco_dev                               0x20000034   Data          36  malloc.o(.data)
    pxCurrentTCB                             0x20000058   Data           4  tasks.o(.data)
    uxTopUsedPriority                        0x20000090   Data           4  tasks.o(.data)
    g_usart_rx_buf                           0x200000e0   Data         200  usart.o(.bss)
    g_uart1_handle                           0x200001a8   Data          68  usart.o(.bss)
    g_sram_handle                            0x200001ec   Data          80  lcd.o(.bss)
    lcddev                                   0x2000023c   Data          14  lcd.o(.bss)
    g_ltdc_handle                            0x2000024c   Data         168  ltdc.o(.bss)
    g_dma2d_handle                           0x200002f4   Data          64  ltdc.o(.bss)
    lcdltdc                                  0x20000334   Data          32  ltdc.o(.bss)
    g_sdram_handle                           0x20000354   Data          52  sdram.o(.bss)
    g_timx_handle                            0x20000388   Data          72  btim.o(.bss)
    g_tim7_handle                            0x200003d0   Data          72  btim.o(.bss)
    xQueueRegistry                           0x2002ac20   Data          64  queue.o(.bss)
    __libspace_start                         0x2002d76c   Data          96  libspace.o(.bss)
    __temporary_stack_top$libspace           0x2002d7cc   Data           0  libspace.o(.bss)
    ltdc_lcd_framebuf                        0xc0000000   Data       2048000  ltdc.o(.ARM.__AT_0xC0000000)



==============================================================================

Memory Map of the image

  Image Entry point : 0x080001ad

  Load Region LR_IROM1 (Base: 0x08000000, Size: 0x00009268, Max: 0x00100000, ABSOLUTE)

    Execution Region ER_IROM1 (Exec base: 0x08000000, Load base: 0x08000000, Size: 0x00009188, Max: 0x00100000, ABSOLUTE)

    Exec Addr    Load Addr    Size         Type   Attr      Idx    E Section Name        Object

    0x08000000   0x08000000   0x000001ac   Data   RO            3    RESET               startup_stm32f429xx.o
    0x080001ac   0x080001ac   0x00000008   Code   RO         6964  * !!!main             c_w.l(__main.o)
    0x080001b4   0x080001b4   0x00000034   Code   RO         7162    !!!scatter          c_w.l(__scatter.o)
    0x080001e8   0x080001e8   0x0000001a   Code   RO         7164    !!handler_copy      c_w.l(__scatter_copy.o)
    0x08000202   0x08000202   0x00000002   PAD
    0x08000204   0x08000204   0x0000001c   Code   RO         7166    !!handler_zi        c_w.l(__scatter_zi.o)
    0x08000220   0x08000220   0x00000000   Code   RO         6947    .ARM.Collect$$_printf_percent$$00000000  c_w.l(_printf_percent.o)
    0x08000220   0x08000220   0x00000006   Code   RO         6945    .ARM.Collect$$_printf_percent$$00000009  c_w.l(_printf_d.o)
    0x08000226   0x08000226   0x00000006   Code   RO         6944    .ARM.Collect$$_printf_percent$$00000014  c_w.l(_printf_s.o)
    0x0800022c   0x0800022c   0x00000004   Code   RO         6995    .ARM.Collect$$_printf_percent$$00000017  c_w.l(_printf_percent_end.o)
    0x08000230   0x08000230   0x00000002   Code   RO         7039    .ARM.Collect$$libinit$$00000000  c_w.l(libinit.o)
    0x08000232   0x08000232   0x00000004   Code   RO         7051    .ARM.Collect$$libinit$$00000001  c_w.l(libinit2.o)
    0x08000236   0x08000236   0x00000000   Code   RO         7054    .ARM.Collect$$libinit$$00000004  c_w.l(libinit2.o)
    0x08000236   0x08000236   0x00000000   Code   RO         7057    .ARM.Collect$$libinit$$0000000A  c_w.l(libinit2.o)
    0x08000236   0x08000236   0x00000000   Code   RO         7059    .ARM.Collect$$libinit$$0000000C  c_w.l(libinit2.o)
    0x08000236   0x08000236   0x00000000   Code   RO         7061    .ARM.Collect$$libinit$$0000000E  c_w.l(libinit2.o)
    0x08000236   0x08000236   0x00000000   Code   RO         7064    .ARM.Collect$$libinit$$00000011  c_w.l(libinit2.o)
    0x08000236   0x08000236   0x00000000   Code   RO         7066    .ARM.Collect$$libinit$$00000013  c_w.l(libinit2.o)
    0x08000236   0x08000236   0x00000000   Code   RO         7068    .ARM.Collect$$libinit$$00000015  c_w.l(libinit2.o)
    0x08000236   0x08000236   0x00000000   Code   RO         7070    .ARM.Collect$$libinit$$00000017  c_w.l(libinit2.o)
    0x08000236   0x08000236   0x00000000   Code   RO         7072    .ARM.Collect$$libinit$$00000019  c_w.l(libinit2.o)
    0x08000236   0x08000236   0x00000000   Code   RO         7074    .ARM.Collect$$libinit$$0000001B  c_w.l(libinit2.o)
    0x08000236   0x08000236   0x00000000   Code   RO         7076    .ARM.Collect$$libinit$$0000001D  c_w.l(libinit2.o)
    0x08000236   0x08000236   0x00000000   Code   RO         7078    .ARM.Collect$$libinit$$0000001F  c_w.l(libinit2.o)
    0x08000236   0x08000236   0x00000000   Code   RO         7080    .ARM.Collect$$libinit$$00000021  c_w.l(libinit2.o)
    0x08000236   0x08000236   0x00000000   Code   RO         7082    .ARM.Collect$$libinit$$00000023  c_w.l(libinit2.o)
    0x08000236   0x08000236   0x00000000   Code   RO         7084    .ARM.Collect$$libinit$$00000025  c_w.l(libinit2.o)
    0x08000236   0x08000236   0x00000000   Code   RO         7088    .ARM.Collect$$libinit$$0000002C  c_w.l(libinit2.o)
    0x08000236   0x08000236   0x00000000   Code   RO         7090    .ARM.Collect$$libinit$$0000002E  c_w.l(libinit2.o)
    0x08000236   0x08000236   0x00000000   Code   RO         7092    .ARM.Collect$$libinit$$00000030  c_w.l(libinit2.o)
    0x08000236   0x08000236   0x00000000   Code   RO         7094    .ARM.Collect$$libinit$$00000032  c_w.l(libinit2.o)
    0x08000236   0x08000236   0x00000002   Code   RO         7095    .ARM.Collect$$libinit$$00000033  c_w.l(libinit2.o)
    0x08000238   0x08000238   0x00000002   Code   RO         7119    .ARM.Collect$$libshutdown$$00000000  c_w.l(libshutdown.o)
    0x0800023a   0x0800023a   0x00000000   Code   RO         7143    .ARM.Collect$$libshutdown$$00000002  c_w.l(libshutdown2.o)
    0x0800023a   0x0800023a   0x00000000   Code   RO         7145    .ARM.Collect$$libshutdown$$00000004  c_w.l(libshutdown2.o)
    0x0800023a   0x0800023a   0x00000000   Code   RO         7147    .ARM.Collect$$libshutdown$$00000006  c_w.l(libshutdown2.o)
    0x0800023a   0x0800023a   0x00000000   Code   RO         7150    .ARM.Collect$$libshutdown$$00000009  c_w.l(libshutdown2.o)
    0x0800023a   0x0800023a   0x00000000   Code   RO         7153    .ARM.Collect$$libshutdown$$0000000C  c_w.l(libshutdown2.o)
    0x0800023a   0x0800023a   0x00000000   Code   RO         7155    .ARM.Collect$$libshutdown$$0000000E  c_w.l(libshutdown2.o)
    0x0800023a   0x0800023a   0x00000000   Code   RO         7158    .ARM.Collect$$libshutdown$$00000011  c_w.l(libshutdown2.o)
    0x0800023a   0x0800023a   0x00000002   Code   RO         7159    .ARM.Collect$$libshutdown$$00000012  c_w.l(libshutdown2.o)
    0x0800023c   0x0800023c   0x00000000   Code   RO         6980    .ARM.Collect$$rtentry$$00000000  c_w.l(__rtentry.o)
    0x0800023c   0x0800023c   0x00000000   Code   RO         7004    .ARM.Collect$$rtentry$$00000002  c_w.l(__rtentry2.o)
    0x0800023c   0x0800023c   0x00000006   Code   RO         7016    .ARM.Collect$$rtentry$$00000004  c_w.l(__rtentry4.o)
    0x08000242   0x08000242   0x00000000   Code   RO         7006    .ARM.Collect$$rtentry$$00000009  c_w.l(__rtentry2.o)
    0x08000242   0x08000242   0x00000004   Code   RO         7007    .ARM.Collect$$rtentry$$0000000A  c_w.l(__rtentry2.o)
    0x08000246   0x08000246   0x00000000   Code   RO         7009    .ARM.Collect$$rtentry$$0000000C  c_w.l(__rtentry2.o)
    0x08000246   0x08000246   0x00000008   Code   RO         7010    .ARM.Collect$$rtentry$$0000000D  c_w.l(__rtentry2.o)
    0x0800024e   0x0800024e   0x00000002   Code   RO         7043    .ARM.Collect$$rtexit$$00000000  c_w.l(rtexit.o)
    0x08000250   0x08000250   0x00000000   Code   RO         7097    .ARM.Collect$$rtexit$$00000002  c_w.l(rtexit2.o)
    0x08000250   0x08000250   0x00000004   Code   RO         7098    .ARM.Collect$$rtexit$$00000003  c_w.l(rtexit2.o)
    0x08000254   0x08000254   0x00000006   Code   RO         7099    .ARM.Collect$$rtexit$$00000004  c_w.l(rtexit2.o)
    0x0800025a   0x0800025a   0x00000002   PAD
    0x0800025c   0x0800025c   0x000000be   Code   RO         6817    .emb_text           port.o
    0x0800031a   0x0800031a   0x00000002   PAD
    0x0800031c   0x0800031c   0x00000040   Code   RO            4    .text               startup_stm32f429xx.o
    0x0800035c   0x0800035c   0x00000002   Code   RO         6905    .text               c_w.l(use_no_semi_2.o)
    0x0800035e   0x0800035e   0x000000ee   Code   RO         6907    .text               c_w.l(lludivv7m.o)
    0x0800044c   0x0800044c   0x00000018   Code   RO         6913    .text               c_w.l(noretval__2printf.o)
    0x08000464   0x08000464   0x00000068   Code   RO         6917    .text               c_w.l(__printf.o)
    0x080004cc   0x080004cc   0x00000052   Code   RO         6919    .text               c_w.l(_printf_str.o)
    0x0800051e   0x0800051e   0x00000002   PAD
    0x08000520   0x08000520   0x00000078   Code   RO         6921    .text               c_w.l(_printf_dec.o)
    0x08000598   0x08000598   0x0000008a   Code   RO         6952    .text               c_w.l(rt_memcpy_v6.o)
    0x08000622   0x08000622   0x00000064   Code   RO         6954    .text               c_w.l(rt_memcpy_w.o)
    0x08000686   0x08000686   0x00000010   Code   RO         6958    .text               c_w.l(aeabi_memset.o)
    0x08000696   0x08000696   0x0000004e   Code   RO         6960    .text               c_w.l(rt_memclr_w.o)
    0x080006e4   0x080006e4   0x00000006   Code   RO         6962    .text               c_w.l(heapauxi.o)
    0x080006ea   0x080006ea   0x00000002   Code   RO         6978    .text               c_w.l(use_no_semi.o)
    0x080006ec   0x080006ec   0x000000b2   Code   RO         6985    .text               c_w.l(_printf_intcommon.o)
    0x0800079e   0x0800079e   0x00000002   PAD
    0x080007a0   0x080007a0   0x00000030   Code   RO         6987    .text               c_w.l(_printf_char_common.o)
    0x080007d0   0x080007d0   0x0000002c   Code   RO         6991    .text               c_w.l(_printf_char.o)
    0x080007fc   0x080007fc   0x00000024   Code   RO         6993    .text               c_w.l(_printf_char_file.o)
    0x08000820   0x08000820   0x00000044   Code   RO         6996    .text               c_w.l(rt_memclr.o)
    0x08000864   0x08000864   0x00000008   Code   RO         7022    .text               c_w.l(ferror.o)
    0x0800086c   0x0800086c   0x0000004a   Code   RO         7026    .text               c_w.l(sys_stackheap_outer.o)
    0x080008b6   0x080008b6   0x00000012   Code   RO         7028    .text               c_w.l(exit.o)
    0x080008c8   0x080008c8   0x00000008   Code   RO         7040    .text               c_w.l(libspace.o)
    0x080008d0   0x080008d0   0x00000004   Code   RO          298    i.BusFault_Handler  stm32f4xx_it.o
    0x080008d4   0x080008d4   0x00000018   Code   RO         5347    i.ConfigureTimeForRunTimeStats  btim.o
    0x080008ec   0x080008ec   0x00000002   Code   RO          299    i.DebugMon_Handler  stm32f4xx_it.o
    0x080008ee   0x080008ee   0x00000002   PAD
    0x080008f0   0x080008f0   0x00000044   Code   RO         3778    i.FMC_NORSRAM_Extended_Timing_Init  stm32f4xx_ll_fmc.o
    0x08000934   0x08000934   0x00000098   Code   RO         3779    i.FMC_NORSRAM_Init  stm32f4xx_ll_fmc.o
    0x080009cc   0x080009cc   0x00000066   Code   RO         3780    i.FMC_NORSRAM_Timing_Init  stm32f4xx_ll_fmc.o
    0x08000a32   0x08000a32   0x0000006c   Code   RO         3790    i.FMC_SDRAM_Init    stm32f4xx_ll_fmc.o
    0x08000a9e   0x08000a9e   0x00000014   Code   RO         3791    i.FMC_SDRAM_ProgramRefreshRate  stm32f4xx_ll_fmc.o
    0x08000ab2   0x08000ab2   0x00000056   Code   RO         3792    i.FMC_SDRAM_SendCommand  stm32f4xx_ll_fmc.o
    0x08000b08   0x08000b08   0x00000094   Code   RO         3794    i.FMC_SDRAM_Timing_Init  stm32f4xx_ll_fmc.o
    0x08000b9c   0x08000b9c   0x000000ac   Code   RO         1448    i.HAL_DMA_Abort     stm32f4xx_hal_dma.o
    0x08000c48   0x08000c48   0x00000028   Code   RO         1449    i.HAL_DMA_Abort_IT  stm32f4xx_hal_dma.o
    0x08000c70   0x08000c70   0x00000210   Code   RO         1595    i.HAL_GPIO_Init     stm32f4xx_hal_gpio.o
    0x08000e80   0x08000e80   0x00000010   Code   RO         1597    i.HAL_GPIO_ReadPin  stm32f4xx_hal_gpio.o
    0x08000e90   0x08000e90   0x00000014   Code   RO         1598    i.HAL_GPIO_TogglePin  stm32f4xx_hal_gpio.o
    0x08000ea4   0x08000ea4   0x0000000c   Code   RO         1599    i.HAL_GPIO_WritePin  stm32f4xx_hal_gpio.o
    0x08000eb0   0x08000eb0   0x0000000c   Code   RO         1122    i.HAL_GetTick       stm32f4xx_hal.o
    0x08000ebc   0x08000ebc   0x00000018   Code   RO         1128    i.HAL_IncTick       stm32f4xx_hal.o
    0x08000ed4   0x08000ed4   0x0000003c   Code   RO         1129    i.HAL_Init          stm32f4xx_hal.o
    0x08000f10   0x08000f10   0x0000004c   Code   RO         1130    i.HAL_InitTick      stm32f4xx_hal.o
    0x08000f5c   0x08000f5c   0x0000005e   Code   RO         3953    i.HAL_LTDC_ConfigLayer  stm32f4xx_hal_ltdc.o
    0x08000fba   0x08000fba   0x00000002   PAD
    0x08000fbc   0x08000fbc   0x00000118   Code   RO         3970    i.HAL_LTDC_Init     stm32f4xx_hal_ltdc.o
    0x080010d4   0x080010d4   0x0000015c   Code   RO         5174    i.HAL_LTDC_MspInit  ltdc.o
    0x08001230   0x08001230   0x0000006c   Code   RO         3985    i.HAL_LTDC_SetWindowPosition  stm32f4xx_hal_ltdc.o
    0x0800129c   0x0800129c   0x0000006c   Code   RO         3987    i.HAL_LTDC_SetWindowSize  stm32f4xx_hal_ltdc.o
    0x08001308   0x08001308   0x00000002   Code   RO         1132    i.HAL_MspInit       stm32f4xx_hal.o
    0x0800130a   0x0800130a   0x00000020   Code   RO         1310    i.HAL_NVIC_EnableIRQ  stm32f4xx_hal_cortex.o
    0x0800132a   0x0800132a   0x0000007c   Code   RO         1316    i.HAL_NVIC_SetPriority  stm32f4xx_hal_cortex.o
    0x080013a6   0x080013a6   0x00000002   PAD
    0x080013a8   0x080013a8   0x00000028   Code   RO         1317    i.HAL_NVIC_SetPriorityGrouping  stm32f4xx_hal_cortex.o
    0x080013d0   0x080013d0   0x0000008c   Code   RO         2218    i.HAL_PWREx_EnableOverDrive  stm32f4xx_hal_pwr_ex.o
    0x0800145c   0x0800145c   0x00000304   Code   RO         1766    i.HAL_RCCEx_PeriphCLKConfig  stm32f4xx_hal_rcc_ex.o
    0x08001760   0x08001760   0x00000184   Code   RO         1659    i.HAL_RCC_ClockConfig  stm32f4xx_hal_rcc.o
    0x080018e4   0x080018e4   0x0000000c   Code   RO         1664    i.HAL_RCC_GetHCLKFreq  stm32f4xx_hal_rcc.o
    0x080018f0   0x080018f0   0x00000020   Code   RO         1666    i.HAL_RCC_GetPCLK1Freq  stm32f4xx_hal_rcc.o
    0x08001910   0x08001910   0x00000020   Code   RO         1667    i.HAL_RCC_GetPCLK2Freq  stm32f4xx_hal_rcc.o
    0x08001930   0x08001930   0x000000b0   Code   RO         1668    i.HAL_RCC_GetSysClockFreq  stm32f4xx_hal_rcc.o
    0x080019e0   0x080019e0   0x0000049c   Code   RO         1671    i.HAL_RCC_OscConfig  stm32f4xx_hal_rcc.o
    0x08001e7c   0x08001e7c   0x00000040   Code   RO         4683    i.HAL_SDRAM_Init    stm32f4xx_hal_sdram.o
    0x08001ebc   0x08001ebc   0x00000134   Code   RO         5290    i.HAL_SDRAM_MspInit  sdram.o
    0x08001ff0   0x08001ff0   0x00000036   Code   RO         4686    i.HAL_SDRAM_ProgramRefreshRate  stm32f4xx_hal_sdram.o
    0x08002026   0x08002026   0x0000004e   Code   RO         4692    i.HAL_SDRAM_SendCommand  stm32f4xx_hal_sdram.o
    0x08002074   0x08002074   0x0000005e   Code   RO         3639    i.HAL_SRAM_Init     stm32f4xx_hal_sram.o
    0x080020d2   0x080020d2   0x00000002   PAD
    0x080020d4   0x080020d4   0x000000a4   Code   RO         4872    i.HAL_SRAM_MspInit  lcd.o
    0x08002178   0x08002178   0x00000028   Code   RO         1319    i.HAL_SYSTICK_CLKSourceConfig  stm32f4xx_hal_cortex.o
    0x080021a0   0x080021a0   0x00000034   Code   RO         1321    i.HAL_SYSTICK_Config  stm32f4xx_hal_cortex.o
    0x080021d4   0x080021d4   0x00000002   Code   RO         3368    i.HAL_TIMEx_BreakCallback  stm32f4xx_hal_tim_ex.o
    0x080021d6   0x080021d6   0x00000002   Code   RO         3369    i.HAL_TIMEx_CommutCallback  stm32f4xx_hal_tim_ex.o
    0x080021d8   0x080021d8   0x00000066   Code   RO         2653    i.HAL_TIM_Base_Init  stm32f4xx_hal_tim.o
    0x0800223e   0x0800223e   0x00000002   PAD
    0x08002240   0x08002240   0x0000008c   Code   RO         5348    i.HAL_TIM_Base_MspInit  btim.o
    0x080022cc   0x080022cc   0x000000a8   Code   RO         2658    i.HAL_TIM_Base_Start_IT  stm32f4xx_hal_tim.o
    0x08002374   0x08002374   0x00000002   Code   RO         2687    i.HAL_TIM_IC_CaptureCallback  stm32f4xx_hal_tim.o
    0x08002376   0x08002376   0x00000196   Code   RO         2701    i.HAL_TIM_IRQHandler  stm32f4xx_hal_tim.o
    0x0800250c   0x0800250c   0x00000002   Code   RO         2704    i.HAL_TIM_OC_DelayElapsedCallback  stm32f4xx_hal_tim.o
    0x0800250e   0x0800250e   0x00000002   Code   RO         2731    i.HAL_TIM_PWM_PulseFinishedCallback  stm32f4xx_hal_tim.o
    0x08002510   0x08002510   0x00000058   Code   RO         5349    i.HAL_TIM_PeriodElapsedCallback  btim.o
    0x08002568   0x08002568   0x00000002   Code   RO         2744    i.HAL_TIM_TriggerCallback  stm32f4xx_hal_tim.o
    0x0800256a   0x0800256a   0x00000002   Code   RO         2295    i.HAL_UARTEx_RxEventCallback  stm32f4xx_hal_uart.o
    0x0800256c   0x0800256c   0x00000002   Code   RO         2309    i.HAL_UART_ErrorCallback  stm32f4xx_hal_uart.o
    0x0800256e   0x0800256e   0x00000014   Code   RO         2311    i.HAL_UART_GetState  stm32f4xx_hal_uart.o
    0x08002582   0x08002582   0x00000002   PAD
    0x08002584   0x08002584   0x000002e0   Code   RO         2312    i.HAL_UART_IRQHandler  stm32f4xx_hal_uart.o
    0x08002864   0x08002864   0x00000072   Code   RO         2313    i.HAL_UART_Init     stm32f4xx_hal_uart.o
    0x080028d6   0x080028d6   0x00000002   PAD
    0x080028d8   0x080028d8   0x000000cc   Code   RO          958    i.HAL_UART_MspInit  usart.o
    0x080029a4   0x080029a4   0x00000042   Code   RO         2318    i.HAL_UART_Receive_IT  stm32f4xx_hal_uart.o
    0x080029e6   0x080029e6   0x00000002   PAD
    0x080029e8   0x080029e8   0x00000088   Code   RO          959    i.HAL_UART_RxCpltCallback  usart.o
    0x08002a70   0x08002a70   0x00000002   Code   RO         2324    i.HAL_UART_TxCpltCallback  stm32f4xx_hal_uart.o
    0x08002a72   0x08002a72   0x00000004   Code   RO          300    i.HardFault_Handler  stm32f4xx_it.o
    0x08002a76   0x08002a76   0x00000210   Code   RO         3989    i.LTDC_SetConfig    stm32f4xx_hal_ltdc.o
    0x08002c86   0x08002c86   0x00000004   Code   RO          301    i.MemManage_Handler  stm32f4xx_it.o
    0x08002c8a   0x08002c8a   0x00000002   Code   RO          302    i.NMI_Handler       stm32f4xx_it.o
    0x08002c8c   0x08002c8c   0x00000014   Code   RO         1035    i.SysTick_Handler   delay.o
    0x08002ca0   0x08002ca0   0x00000014   Code   RO          523    i.SystemInit        system_stm32f4xx.o
    0x08002cb4   0x08002cb4   0x00000010   Code   RO         5350    i.TIM6_DAC_IRQHandler  btim.o
    0x08002cc4   0x08002cc4   0x00000010   Code   RO         5351    i.TIM7_IRQHandler   btim.o
    0x08002cd4   0x08002cd4   0x000000d8   Code   RO         2746    i.TIM_Base_SetConfig  stm32f4xx_hal_tim.o
    0x08002dac   0x08002dac   0x00000014   Code   RO         2326    i.UART_DMAAbortOnError  stm32f4xx_hal_uart.o
    0x08002dc0   0x08002dc0   0x0000006c   Code   RO         2336    i.UART_EndRxTransfer  stm32f4xx_hal_uart.o
    0x08002e2c   0x08002e2c   0x00000020   Code   RO         2337    i.UART_EndTransmit_IT  stm32f4xx_hal_uart.o
    0x08002e4c   0x08002e4c   0x000000f8   Code   RO         2339    i.UART_Receive_IT   stm32f4xx_hal_uart.o
    0x08002f44   0x08002f44   0x0000022c   Code   RO         2340    i.UART_SetConfig    stm32f4xx_hal_uart.o
    0x08003170   0x08003170   0x0000004a   Code   RO         2342    i.UART_Start_Receive_IT  stm32f4xx_hal_uart.o
    0x080031ba   0x080031ba   0x00000060   Code   RO         2343    i.UART_Transmit_IT  stm32f4xx_hal_uart.o
    0x0800321a   0x0800321a   0x00000002   PAD
    0x0800321c   0x0800321c   0x00000050   Code   RO          960    i.USART1_IRQHandler  usart.o
    0x0800326c   0x0800326c   0x00000004   Code   RO          303    i.UsageFault_Handler  stm32f4xx_it.o
    0x08003270   0x08003270   0x00000010   Code   RO         1323    i.__NVIC_GetPriorityGrouping  stm32f4xx_hal_cortex.o
    0x08003280   0x08003280   0x00000028   Code   RO         1324    i.__NVIC_SetPriority  stm32f4xx_hal_cortex.o
    0x080032a8   0x080032a8   0x00000004   Code   RO          962    i._sys_exit         usart.o
    0x080032ac   0x080032ac   0x0000002c   Code   RO         5353    i.btim_timx_int_init  btim.o
    0x080032d8   0x080032d8   0x00000038   Code   RO         1036    i.delay_init        delay.o
    0x08003310   0x08003310   0x00000018   Code   RO         1037    i.delay_ms          delay.o
    0x08003328   0x08003328   0x00000048   Code   RO         1038    i.delay_us          delay.o
    0x08003370   0x08003370   0x0000001c   Code   RO          964    i.fputc             usart.o
    0x0800338c   0x0800338c   0x00000030   Code   RO          559    i.freertos_demo     freertos_demo.o
    0x080033bc   0x080033bc   0x00000104   Code   RO         5143    i.key_init          key.o
    0x080034c0   0x080034c0   0x00000048   Code   RO         4875    i.lcd_clear         lcd.o
    0x08003508   0x08003508   0x00000150   Code   RO         4877    i.lcd_display_dir   lcd.o
    0x08003658   0x08003658   0x0000022c   Code   RO         4885    i.lcd_ex_ili9341_reginit  lcd.o
    0x08003884   0x08003884   0x00000ef2   Code   RO         4886    i.lcd_ex_nt35310_reginit  lcd.o
    0x08004776   0x08004776   0x00000efc   Code   RO         4887    i.lcd_ex_nt35510_reginit  lcd.o
    0x08005672   0x08005672   0x0000016e   Code   RO         4888    i.lcd_ex_ssd1963_reginit  lcd.o
    0x080057e0   0x080057e0   0x000001a8   Code   RO         4889    i.lcd_ex_st7789_reginit  lcd.o
    0x08005988   0x08005988   0x00000438   Code   RO         4892    i.lcd_init          lcd.o
    0x08005dc0   0x08005dc0   0x00000014   Code   RO         4895    i.lcd_rd_data       lcd.o
    0x08005dd4   0x08005dd4   0x00000230   Code   RO         4897    i.lcd_scan_dir      lcd.o
    0x08006004   0x08006004   0x00000120   Code   RO         4898    i.lcd_set_cursor    lcd.o
    0x08006124   0x08006124   0x00000060   Code   RO         4904    i.lcd_ssd_backlight_set  lcd.o
    0x08006184   0x08006184   0x00000018   Code   RO         4905    i.lcd_wr_data       lcd.o
    0x0800619c   0x0800619c   0x00000018   Code   RO         4906    i.lcd_wr_regno      lcd.o
    0x080061b4   0x080061b4   0x00000014   Code   RO         4908    i.lcd_write_ram_prepare  lcd.o
    0x080061c8   0x080061c8   0x00000010   Code   RO         4909    i.lcd_write_reg     lcd.o
    0x080061d8   0x080061d8   0x00000094   Code   RO         4848    i.led_init          led.o
    0x0800626c   0x0800626c   0x00000024   Code   RO         5175    i.ltdc_clear        ltdc.o
    0x08006290   0x08006290   0x00000026   Code   RO         5176    i.ltdc_clk_set      ltdc.o
    0x080062b6   0x080062b6   0x00000002   PAD
    0x080062b8   0x080062b8   0x0000002c   Code   RO         5178    i.ltdc_display_dir  ltdc.o
    0x080062e4   0x080062e4   0x00000164   Code   RO         5180    i.ltdc_fill         ltdc.o
    0x08006448   0x08006448   0x000002ac   Code   RO         5181    i.ltdc_init         ltdc.o
    0x080066f4   0x080066f4   0x0000007c   Code   RO         5182    i.ltdc_layer_parameter_config  ltdc.o
    0x08006770   0x08006770   0x00000030   Code   RO         5184    i.ltdc_layer_window_config  ltdc.o
    0x080067a0   0x080067a0   0x000000d4   Code   RO         5185    i.ltdc_panelid_read  ltdc.o
    0x08006874   0x08006874   0x0000000c   Code   RO         5187    i.ltdc_select_layer  ltdc.o
    0x08006880   0x08006880   0x0000004c   Code   RO           13    i.main              main.o
    0x080068cc   0x080068cc   0x0000002c   Code   RO         5413    i.my_mem_init       malloc.o
    0x080068f8   0x080068f8   0x00000040   Code   RO         5415    i.my_mem_perused    malloc.o
    0x08006938   0x08006938   0x00000014   Code   RO         5416    i.my_mem_set        malloc.o
    0x0800694c   0x0800694c   0x000000cc   Code   RO         6130    i.prvAddCurrentTaskToDelayedList  tasks.o
    0x08006a18   0x08006a18   0x000000ec   Code   RO         6131    i.prvAddNewTaskToReadyList  tasks.o
    0x08006b04   0x08006b04   0x00000064   Code   RO         6573    i.prvCheckForValidListAndQueue  timers.o
    0x08006b68   0x08006b68   0x00000048   Code   RO         6132    i.prvCheckTasksWaitingTermination  tasks.o
    0x08006bb0   0x08006bb0   0x0000002a   Code   RO         5690    i.prvCopyDataFromQueue  queue.o
    0x08006bda   0x08006bda   0x0000007e   Code   RO         5691    i.prvCopyDataToQueue  queue.o
    0x08006c58   0x08006c58   0x00000012   Code   RO         6133    i.prvDeleteTCB      tasks.o
    0x08006c6a   0x08006c6a   0x00000002   PAD
    0x08006c6c   0x08006c6c   0x00000028   Code   RO         6574    i.prvGetNextExpireTime  timers.o
    0x08006c94   0x08006c94   0x0000007c   Code   RO         6750    i.prvHeapInit       heap_4.o
    0x08006d10   0x08006d10   0x00000028   Code   RO         6134    i.prvIdleTask       tasks.o
    0x08006d38   0x08006d38   0x0000002e   Code   RO         5694    i.prvInitialiseNewQueue  queue.o
    0x08006d66   0x08006d66   0x00000002   PAD
    0x08006d68   0x08006d68   0x00000108   Code   RO         6135    i.prvInitialiseNewTask  tasks.o
    0x08006e70   0x08006e70   0x00000068   Code   RO         6136    i.prvInitialiseTaskLists  tasks.o
    0x08006ed8   0x08006ed8   0x00000068   Code   RO         6751    i.prvInsertBlockIntoFreeList  heap_4.o
    0x08006f40   0x08006f40   0x00000058   Code   RO         6576    i.prvInsertTimerInActiveList  timers.o
    0x08006f98   0x08006f98   0x0000001a   Code   RO         5695    i.prvIsQueueEmpty   queue.o
    0x08006fb2   0x08006fb2   0x00000002   PAD
    0x08006fb4   0x08006fb4   0x000000c4   Code   RO         5697    i.prvNotifyQueueSetContainer  queue.o
    0x08007078   0x08007078   0x00000044   Code   RO         6577    i.prvProcessExpiredTimer  timers.o
    0x080070bc   0x080070bc   0x0000016c   Code   RO         6578    i.prvProcessReceivedCommands  timers.o
    0x08007228   0x08007228   0x00000074   Code   RO         6579    i.prvProcessTimerOrBlockTask  timers.o
    0x0800729c   0x0800729c   0x00000028   Code   RO         6580    i.prvReloadTimer    timers.o
    0x080072c4   0x080072c4   0x00000030   Code   RO         6138    i.prvResetNextTaskUnblockTime  tasks.o
    0x080072f4   0x080072f4   0x0000002c   Code   RO         6581    i.prvSampleTimeNow  timers.o
    0x08007320   0x08007320   0x00000044   Code   RO         6582    i.prvSwitchTimerLists  timers.o
    0x08007364   0x08007364   0x00000080   Code   RO         6818    i.prvTaskExitError  port.o
    0x080073e4   0x080073e4   0x0000001a   Code   RO         6583    i.prvTimerTask      timers.o
    0x080073fe   0x080073fe   0x00000090   Code   RO         5698    i.prvUnlockQueue    queue.o
    0x0800748e   0x0800748e   0x00000002   PAD
    0x08007490   0x08007490   0x00000194   Code   RO         6752    i.pvPortMalloc      heap_4.o
    0x08007624   0x08007624   0x0000002c   Code   RO         6819    i.pxPortInitialiseStack  port.o
    0x08007650   0x08007650   0x00000074   Code   RO         5293    i.sdram_init        sdram.o
    0x080076c4   0x080076c4   0x00000044   Code   RO         5294    i.sdram_initialization_sequence  sdram.o
    0x08007708   0x08007708   0x00000048   Code   RO         5295    i.sdram_send_cmd    sdram.o
    0x08007750   0x08007750   0x0000005c   Code   RO          560    i.start_task        freertos_demo.o
    0x080077ac   0x080077ac   0x000000cc   Code   RO          891    i.sys_stm32_clock_init  sys.o
    0x08007878   0x08007878   0x00000024   Code   RO          561    i.task1             freertos_demo.o
    0x0800789c   0x0800789c   0x0000002c   Code   RO          562    i.task2             freertos_demo.o
    0x080078c8   0x080078c8   0x00000038   Code   RO          965    i.usart_init        usart.o
    0x08007900   0x08007900   0x00000028   Code   RO         5638    i.uxListRemove      list.o
    0x08007928   0x08007928   0x0000001a   Code   RO         5639    i.vListInitialise   list.o
    0x08007942   0x08007942   0x00000006   Code   RO         5640    i.vListInitialiseItem  list.o
    0x08007948   0x08007948   0x00000034   Code   RO         5641    i.vListInsert       list.o
    0x0800797c   0x0800797c   0x00000018   Code   RO         5642    i.vListInsertEnd    list.o
    0x08007994   0x08007994   0x00000098   Code   RO         6821    i.vPortEnterCritical  port.o
    0x08007a2c   0x08007a2c   0x00000080   Code   RO         6822    i.vPortExitCritical  port.o
    0x08007aac   0x08007aac   0x000000d8   Code   RO         6753    i.vPortFree         heap_4.o
    0x08007b84   0x08007b84   0x00000028   Code   RO         6823    i.vPortSetupTimerInterrupt  port.o
    0x08007bac   0x08007bac   0x0000008c   Code   RO         5704    i.vQueueAddToRegistry  queue.o
    0x08007c38   0x08007c38   0x0000004a   Code   RO         5708    i.vQueueWaitForMessageRestricted  queue.o
    0x08007c82   0x08007c82   0x00000002   PAD
    0x08007c84   0x08007c84   0x00000084   Code   RO         6155    i.vTaskDelay        tasks.o
    0x08007d08   0x08007d08   0x00000124   Code   RO         6156    i.vTaskDelete       tasks.o
    0x08007e2c   0x08007e2c   0x00000018   Code   RO         6161    i.vTaskInternalSetTimeOutState  tasks.o
    0x08007e44   0x08007e44   0x0000000c   Code   RO         6163    i.vTaskMissedYield  tasks.o
    0x08007e50   0x08007e50   0x00000064   Code   RO         6164    i.vTaskPlaceOnEventList  tasks.o
    0x08007eb4   0x08007eb4   0x0000008c   Code   RO         6165    i.vTaskPlaceOnEventListRestricted  tasks.o
    0x08007f40   0x08007f40   0x000000c8   Code   RO         6173    i.vTaskStartScheduler  tasks.o
    0x08008008   0x08008008   0x00000010   Code   RO         6175    i.vTaskSuspendAll   tasks.o
    0x08008018   0x08008018   0x000000f8   Code   RO         6176    i.vTaskSwitchContext  tasks.o
    0x08008110   0x08008110   0x000001ac   Code   RO         6825    i.xPortStartScheduler  port.o
    0x080082bc   0x080082bc   0x00000034   Code   RO         6826    i.xPortSysTickHandler  port.o
    0x080082f0   0x080082f0   0x00000090   Code   RO         5713    i.xQueueGenericCreate  queue.o
    0x08008380   0x08008380   0x000000fc   Code   RO         5714    i.xQueueGenericReset  queue.o
    0x0800847c   0x0800847c   0x00000180   Code   RO         5723    i.xQueueReceive     queue.o
    0x080085fc   0x080085fc   0x000000cc   Code   RO         6179    i.xTaskCheckForTimeOut  tasks.o
    0x080086c8   0x080086c8   0x00000060   Code   RO         6180    i.xTaskCreate       tasks.o
    0x08008728   0x08008728   0x000000ec   Code   RO         6181    i.xTaskDelayUntil   tasks.o
    0x08008814   0x08008814   0x00000020   Code   RO         6189    i.xTaskGetSchedulerState  tasks.o
    0x08008834   0x08008834   0x0000000c   Code   RO         6190    i.xTaskGetTickCount  tasks.o
    0x08008840   0x08008840   0x000001e8   Code   RO         6192    i.xTaskIncrementTick  tasks.o
    0x08008a28   0x08008a28   0x00000110   Code   RO         6193    i.xTaskPriorityDisinherit  tasks.o
    0x08008b38   0x08008b38   0x0000014c   Code   RO         6195    i.xTaskRemoveFromEventList  tasks.o
    0x08008c84   0x08008c84   0x000001a0   Code   RO         6196    i.xTaskResumeAll    tasks.o
    0x08008e24   0x08008e24   0x00000080   Code   RO         6591    i.xTimerCreateTimerTask  timers.o
    0x08008ea4   0x08008ea4   0x0000005a   Code   RO         6966    x$fpl$dfixu         fz_wm.l(dfixu.o)
    0x08008efe   0x08008efe   0x00000026   Code   RO         6970    x$fpl$dfltu         fz_wm.l(dflt_clz.o)
    0x08008f24   0x08008f24   0x00000154   Code   RO         6976    x$fpl$dmul          fz_wm.l(dmul.o)
    0x08009078   0x08009078   0x0000009c   Code   RO         6998    x$fpl$dnaninf       fz_wm.l(dnaninf.o)
    0x08009114   0x08009114   0x0000000c   Code   RO         7000    x$fpl$dretinf       fz_wm.l(dretinf.o)
    0x08009120   0x08009120   0x0000000a   Code   RO         7109    x$fpl$fpinit        fz_wm.l(fpinit.o)
    0x0800912a   0x0800912a   0x00000000   Code   RO         7002    x$fpl$usenofp       fz_wm.l(usenofp.o)
    0x0800912a   0x0800912a   0x00000018   Data   RO          524    .constdata          system_stm32f4xx.o
    0x08009142   0x08009142   0x00000002   PAD
    0x08009144   0x08009144   0x00000024   Data   RO         5425    .constdata          malloc.o
    0x08009168   0x08009168   0x00000020   Data   RO         7160    Region$$Table       anon$$obj.o


    Execution Region RW_IRAM1 (Exec base: 0x20000000, Load base: 0x08009188, Size: 0x0002e1d0, Max: 0x00030000, ABSOLUTE)

    Exec Addr    Load Addr    Size         Type   Attr      Idx    E Section Name        Object

    0x20000000   0x08009188   0x00000004   Data   RW          525    .data               system_stm32f4xx.o
    0x20000004   0x0800918c   0x0000000c   Data   RW          563    .data               freertos_demo.o
    0x20000010   0x08009198   0x00000007   Data   RW          967    .data               usart.o
    0x20000017   0x0800919f   0x00000001   PAD
    0x20000018   0x080091a0   0x00000004   Data   RW         1039    .data               delay.o
    0x2000001c   0x080091a4   0x00000009   Data   RW         1136    .data               stm32f4xx_hal.o
    0x20000025   0x080091ad   0x00000003   PAD
    0x20000028   0x080091b0   0x00000008   Data   RW         5191    .data               ltdc.o
    0x20000030   0x080091b8   0x00000004   Data   RW         5355    .data               btim.o
    0x20000034   0x080091bc   0x00000024   Data   RW         5426    .data               malloc.o
    0x20000058   0x080091e0   0x00000048   Data   RW         6199    .data               tasks.o
    0x200000a0   0x08009228   0x00000014   Data   RW         6600    .data               timers.o
    0x200000b4   0x0800923c   0x00000020   Data   RW         6759    .data               heap_4.o
    0x200000d4   0x0800925c   0x0000000c   Data   RW         6827    .data               port.o
    0x200000e0        -       0x0000010c   Zero   RW          966    .bss                usart.o
    0x200001ec        -       0x0000005e   Zero   RW         4910    .bss                lcd.o
    0x2000024a   0x08009268   0x00000002   PAD
    0x2000024c        -       0x00000108   Zero   RW         5190    .bss                ltdc.o
    0x20000354        -       0x00000034   Zero   RW         5296    .bss                sdram.o
    0x20000388        -       0x00000090   Zero   RW         5354    .bss                btim.o
    0x20000418   0x08009268   0x00000008   PAD
    0x20000420        -       0x0002a800   Zero   RW         5424    .bss                malloc.o
    0x2002ac20        -       0x00000040   Zero   RW         5730    .bss                queue.o
    0x2002ac60        -       0x000002e4   Zero   RW         6198    .bss                tasks.o
    0x2002af44        -       0x00000028   Zero   RW         6599    .bss                timers.o
    0x2002af6c        -       0x00002800   Zero   RW         6758    .bss                heap_4.o
    0x2002d76c        -       0x00000060   Zero   RW         7041    .bss                c_w.l(libspace.o)
    0x2002d7cc   0x08009268   0x00000004   PAD
    0x2002d7d0        -       0x00000200   Zero   RW            2    HEAP                startup_stm32f429xx.o
    0x2002d9d0        -       0x00000800   Zero   RW            1    STACK               startup_stm32f429xx.o



  Load Region LR$$.ARM.__AT_0x10000000 (Base: 0x10000000, Size: 0x00000000, Max: 0x0000f000, ABSOLUTE)

    Execution Region ER$$.ARM.__AT_0x10000000 (Exec base: 0x10000000, Load base: 0x10000000, Size: 0x0000f000, Max: 0x0000f000, ABSOLUTE, UNINIT)

    Exec Addr    Load Addr    Size         Type   Attr      Idx    E Section Name        Object

    0x10000000        -       0x0000f000   Zero   RW         5420    .ARM.__AT_0x10000000  malloc.o



  Load Region LR$$.ARM.__AT_0x1000F000 (Base: 0x1000f000, Size: 0x00000000, Max: 0x00000f00, ABSOLUTE)

    Execution Region ER$$.ARM.__AT_0x1000F000 (Exec base: 0x1000f000, Load base: 0x1000f000, Size: 0x00000f00, Max: 0x00000f00, ABSOLUTE, UNINIT)

    Exec Addr    Load Addr    Size         Type   Attr      Idx    E Section Name        Object

    0x1000f000        -       0x00000f00   Zero   RW         5421    .ARM.__AT_0x1000F000  malloc.o



  Load Region LR$$.ARM.__AT_0xC0000000 (Base: 0xc0000000, Size: 0x00000000, Max: 0x001f4000, ABSOLUTE)

    Execution Region ER$$.ARM.__AT_0xC0000000 (Exec base: 0xc0000000, Load base: 0xc0000000, Size: 0x001f4000, Max: 0x001f4000, ABSOLUTE, UNINIT)

    Exec Addr    Load Addr    Size         Type   Attr      Idx    E Section Name        Object

    0xc0000000        -       0x001f4000   Zero   RW         5189    .ARM.__AT_0xC0000000  ltdc.o



  Load Region LR$$.ARM.__AT_0xC01F4000 (Base: 0xc01f4000, Size: 0x00000000, Max: 0x01c3c000, ABSOLUTE)

    Execution Region ER$$.ARM.__AT_0xC01F4000 (Exec base: 0xc01f4000, Load base: 0xc01f4000, Size: 0x01c3c000, Max: 0x01c3c000, ABSOLUTE, UNINIT)

    Exec Addr    Load Addr    Size         Type   Attr      Idx    E Section Name        Object

    0xc01f4000        -       0x01c3c000   Zero   RW         5422    .ARM.__AT_0xC01F4000  malloc.o



  Load Region LR$$.ARM.__AT_0xC1E30000 (Base: 0xc1e30000, Size: 0x00000000, Max: 0x001c3c00, ABSOLUTE)

    Execution Region ER$$.ARM.__AT_0xC1E30000 (Exec base: 0xc1e30000, Load base: 0xc1e30000, Size: 0x001c3c00, Max: 0x001c3c00, ABSOLUTE, UNINIT)

    Exec Addr    Load Addr    Size         Type   Attr      Idx    E Section Name        Object

    0xc1e30000        -       0x001c3c00   Zero   RW         5423    .ARM.__AT_0xC1E30000  malloc.o


==============================================================================

Image component sizes


      Code (inc. data)   RO Data    RW Data    ZI Data      Debug   Object Name

       328         90          0          4        144       4610   btim.o
       172          8          0          4          0      17429   delay.o
         0          0          0          0          0      13396   event_groups.o
       220         62          0         12          0      13650   freertos_demo.o
       848        218          0         32      10240       4591   heap_4.o
       260         18          0          0          0       1215   key.o
     11708        130          0          0         94      22295   lcd.o
       148          8          0          0          0       1063   led.o
       148          0          0          0          0       3810   list.o
      1902        118          0          8    2048264      10154   ltdc.o
        76          0          0          0          0     783475   main.o
       128         18         36         36   31695616       3951   malloc.o
      1162        382          0         12          0      11088   port.o
      1574        278          0          0         64      13811   queue.o
       564         40          0          0         52       4015   sdram.o
        64         26        428          0       2560       1012   startup_stm32f429xx.o
       174         32          0          9          0       9943   stm32f4xx_hal.o
       344         22          0          0          0      35629   stm32f4xx_hal_cortex.o
       212          0          0          0          0       2163   stm32f4xx_hal_dma.o
       576         54          0          0          0       3792   stm32f4xx_hal_gpio.o
      1118          6          0          0          0       5105   stm32f4xx_hal_ltdc.o
       140         12          0          0          0       1420   stm32f4xx_hal_pwr_ex.o
      1820         84          0          0          0       6096   stm32f4xx_hal_rcc.o
       772         26          0          0          0       1736   stm32f4xx_hal_rcc_ex.o
       196          0          0          0          0       3068   stm32f4xx_hal_sdram.o
        94          0          0          0          0       1348   stm32f4xx_hal_sram.o
       900         76          0          0          0       6523   stm32f4xx_hal_tim.o
         4          0          0          0          0       1777   stm32f4xx_hal_tim_ex.o
      2076         14          0          0          0      12188   stm32f4xx_hal_uart.o
        20          0          0          0          0       3173   stm32f4xx_it.o
       684         14          0          0          0       7728   stm32f4xx_ll_fmc.o
       204          8          0          0          0       1471   sys.o
        20          6         24          4          0       1543   system_stm32f4xx.o
      4238       1102          0         72        740      37000   tasks.o
      1082        214          0         20         40      14584   timers.o
       508         62          0          7        268       6165   usart.o

    ----------------------------------------------------------------------
     34516       3128        522        224   33758092    1072017   Object Totals
         0          0         32          0          0          0   (incl. Generated)
        32          0          2          4         10          0   (incl. Padding)

    ----------------------------------------------------------------------

      Code (inc. data)   RO Data    RW Data    ZI Data      Debug   Library Member Name

         8          0          0          0          0         68   __main.o
       104          0          0          0          0         84   __printf.o
         0          0          0          0          0          0   __rtentry.o
        12          0          0          0          0          0   __rtentry2.o
         6          0          0          0          0          0   __rtentry4.o
        52          8          0          0          0          0   __scatter.o
        26          0          0          0          0          0   __scatter_copy.o
        28          0          0          0          0          0   __scatter_zi.o
        44          0          0          0          0        108   _printf_char.o
        48          6          0          0          0         96   _printf_char_common.o
        36          4          0          0          0         80   _printf_char_file.o
         6          0          0          0          0          0   _printf_d.o
       120         16          0          0          0         92   _printf_dec.o
       178          0          0          0          0         88   _printf_intcommon.o
         0          0          0          0          0          0   _printf_percent.o
         4          0          0          0          0          0   _printf_percent_end.o
         6          0          0          0          0          0   _printf_s.o
        82          0          0          0          0         80   _printf_str.o
        16          0          0          0          0         68   aeabi_memset.o
        18          0          0          0          0         80   exit.o
         8          0          0          0          0         68   ferror.o
         6          0          0          0          0        152   heapauxi.o
         2          0          0          0          0          0   libinit.o
         6          0          0          0          0          0   libinit2.o
         2          0          0          0          0          0   libshutdown.o
         2          0          0          0          0          0   libshutdown2.o
         8          4          0          0         96         68   libspace.o
       238          0          0          0          0        100   lludivv7m.o
        24          4          0          0          0         84   noretval__2printf.o
        68          0          0          0          0         68   rt_memclr.o
        78          0          0          0          0         80   rt_memclr_w.o
       138          0          0          0          0         68   rt_memcpy_v6.o
       100          0          0          0          0         80   rt_memcpy_w.o
         2          0          0          0          0          0   rtexit.o
        10          0          0          0          0          0   rtexit2.o
        74          0          0          0          0         80   sys_stackheap_outer.o
         2          0          0          0          0         68   use_no_semi.o
         2          0          0          0          0         68   use_no_semi_2.o
        90          4          0          0          0        140   dfixu.o
        38          0          0          0          0        116   dflt_clz.o
       340         12          0          0          0        152   dmul.o
       156          4          0          0          0        140   dnaninf.o
        12          0          0          0          0        116   dretinf.o
        10          0          0          0          0        116   fpinit.o
         0          0          0          0          0          0   usenofp.o

    ----------------------------------------------------------------------
      2218         62          0          0        100       2608   Library Totals
         8          0          0          0          4          0   (incl. Padding)

    ----------------------------------------------------------------------

      Code (inc. data)   RO Data    RW Data    ZI Data      Debug   Library Name

      1564         42          0          0         96       1828   c_w.l
       646         20          0          0          0        780   fz_wm.l

    ----------------------------------------------------------------------
      2218         62          0          0        100       2608   Library Totals

    ----------------------------------------------------------------------

==============================================================================


      Code (inc. data)   RO Data    RW Data    ZI Data      Debug   

     36734       3190        522        224   33758192    1054289   Grand Totals
     36734       3190        522        224   33758192    1054289   ELF Image Totals
     36734       3190        522        224          0          0   ROM Totals

==============================================================================

    Total RO  Size (Code + RO Data)                37256 (  36.38kB)
    Total RW  Size (RW Data + ZI Data)          33758416 (32967.20kB)
    Total ROM Size (Code + RO Data + RW Data)      37480 (  36.60kB)

==============================================================================

